CCS PCM C Compiler, Version 5.015, 5967               04-Jan-21 02:42

               Filename:   C:\Users\enist\OneDrive\Belgeler\CCS C Projects\Master_Keypad_Input\master.lst

               ROM used:   2753 words (34%)
                           Largest free fragment is 2048
               RAM used:   24 (7%) at main() level
                           46 (12%) worst case
               Stack used: 4 locations (3 in main + 1 for interrupts)
               Stack size: 8

*
0000:  MOVLW  03
0001:  MOVWF  0A
0002:  GOTO   38E
0003:  NOP
0004:  MOVWF  7F
0005:  SWAPF  03,W
0006:  CLRF   03
0007:  MOVWF  21
0008:  MOVF   0A,W
0009:  MOVWF  20
000A:  CLRF   0A
000B:  MOVF   04,W
000C:  MOVWF  22
000D:  MOVF   77,W
000E:  MOVWF  23
000F:  MOVF   78,W
0010:  MOVWF  24
0011:  MOVF   79,W
0012:  MOVWF  25
0013:  MOVF   7A,W
0014:  MOVWF  26
0015:  BCF    03.7
0016:  BCF    03.5
0017:  BTFSS  0B.4
0018:  GOTO   01B
0019:  BTFSC  0B.1
001A:  GOTO   02C
001B:  MOVF   22,W
001C:  MOVWF  04
001D:  MOVF   23,W
001E:  MOVWF  77
001F:  MOVF   24,W
0020:  MOVWF  78
0021:  MOVF   25,W
0022:  MOVWF  79
0023:  MOVF   26,W
0024:  MOVWF  7A
0025:  MOVF   20,W
0026:  MOVWF  0A
0027:  SWAPF  21,W
0028:  MOVWF  03
0029:  SWAPF  7F,F
002A:  SWAPF  7F,W
002B:  RETFIE
002C:  BCF    0A.3
002D:  BCF    0A.4
002E:  GOTO   02F
.................... #include <master.h> 
.................... #include <16F877A.h> 
.................... //////////// Standard Header file for the PIC16F877A device //////////////// 
.................... /////////////////////////////////////////////////////////////////////////// 
.................... ////        (C) Copyright 1996, 2013 Custom Computer Services          //// 
.................... //// This source code may only be used by licensed users of the CCS C  //// 
.................... //// compiler.  This source code may only be distributed to other      //// 
.................... //// licensed users of the CCS C compiler.  No other use, reproduction //// 
.................... //// or distribution is permitted without written permission.          //// 
.................... //// Derivative programs created using this software in object code    //// 
.................... //// form are not restricted in any way.                               //// 
.................... /////////////////////////////////////////////////////////////////////////// 
.................... #device PIC16F877A 
*
006E:  MOVF   3B,W
006F:  MOVWF  42
0070:  MOVF   3F,W
0071:  XORWF  42,F
0072:  BTFSS  42.7
0073:  GOTO   079
0074:  BCF    03.2
0075:  BCF    03.0
0076:  BTFSC  3B.7
0077:  BSF    03.0
0078:  GOTO   0AC
0079:  MOVF   3B,W
007A:  MOVWF  42
007B:  MOVF   3E,W
007C:  MOVWF  43
007D:  MOVF   3A,W
007E:  SUBWF  43,F
007F:  BTFSC  03.2
0080:  GOTO   087
0081:  BTFSS  42.7
0082:  GOTO   0AC
0083:  MOVF   03,W
0084:  XORLW  01
0085:  MOVWF  03
0086:  GOTO   0AC
0087:  MOVF   3F,W
0088:  MOVWF  43
0089:  MOVF   3B,W
008A:  SUBWF  43,F
008B:  BTFSC  03.2
008C:  GOTO   093
008D:  BTFSS  42.7
008E:  GOTO   0AC
008F:  MOVF   03,W
0090:  XORLW  01
0091:  MOVWF  03
0092:  GOTO   0AC
0093:  MOVF   40,W
0094:  MOVWF  43
0095:  MOVF   3C,W
0096:  SUBWF  43,F
0097:  BTFSC  03.2
0098:  GOTO   09F
0099:  BTFSS  42.7
009A:  GOTO   0AC
009B:  MOVF   03,W
009C:  XORLW  01
009D:  MOVWF  03
009E:  GOTO   0AC
009F:  MOVF   41,W
00A0:  MOVWF  43
00A1:  MOVF   3D,W
00A2:  SUBWF  43,F
00A3:  BTFSC  03.2
00A4:  GOTO   0AB
00A5:  BTFSS  42.7
00A6:  GOTO   0AC
00A7:  MOVF   03,W
00A8:  XORLW  01
00A9:  MOVWF  03
00AA:  GOTO   0AC
00AB:  BCF    03.0
00AC:  RETURN
00AD:  MOVF   39,W
00AE:  BTFSC  03.2
00AF:  GOTO   11D
00B0:  MOVWF  41
00B1:  MOVF   3D,W
00B2:  BTFSC  03.2
00B3:  GOTO   11D
00B4:  ADDWF  41,F
00B5:  BTFSC  03.0
00B6:  GOTO   0BE
00B7:  MOVLW  7F
00B8:  SUBWF  41,F
00B9:  BTFSS  03.0
00BA:  GOTO   11D
00BB:  BTFSC  03.2
00BC:  GOTO   11D
00BD:  GOTO   0C2
00BE:  MOVLW  81
00BF:  ADDWF  41,F
00C0:  BTFSC  03.0
00C1:  GOTO   11D
00C2:  MOVF   41,W
00C3:  MOVWF  77
00C4:  CLRF   78
00C5:  CLRF   79
00C6:  CLRF   7A
00C7:  MOVF   3A,W
00C8:  MOVWF  45
00C9:  BSF    45.7
00CA:  MOVF   3B,W
00CB:  MOVWF  44
00CC:  MOVF   3C,W
00CD:  MOVWF  43
00CE:  MOVLW  18
00CF:  MOVWF  41
00D0:  CLRF   42
00D1:  BTFSS  43.0
00D2:  GOTO   0EB
00D3:  MOVF   40,W
00D4:  ADDWF  7A,F
00D5:  BTFSS  03.0
00D6:  GOTO   0DD
00D7:  INCF   79,F
00D8:  BTFSS  03.2
00D9:  GOTO   0DD
00DA:  INCF   78,F
00DB:  BTFSC  03.2
00DC:  BSF    42.7
00DD:  MOVF   3F,W
00DE:  ADDWF  79,F
00DF:  BTFSS  03.0
00E0:  GOTO   0E4
00E1:  INCF   78,F
00E2:  BTFSC  03.2
00E3:  BSF    42.7
00E4:  MOVF   3E,W
00E5:  MOVWF  3B
00E6:  BSF    3B.7
00E7:  MOVF   3B,W
00E8:  ADDWF  78,F
00E9:  BTFSC  03.0
00EA:  BSF    42.7
00EB:  RLF    42,F
00EC:  RRF    78,F
00ED:  RRF    79,F
00EE:  RRF    7A,F
00EF:  RRF    45,F
00F0:  RRF    44,F
00F1:  RRF    43,F
00F2:  BCF    03.0
00F3:  DECFSZ 41,F
00F4:  GOTO   0D0
00F5:  MOVLW  01
00F6:  ADDWF  77,F
00F7:  BTFSC  03.0
00F8:  GOTO   11D
00F9:  BTFSC  78.7
00FA:  GOTO   102
00FB:  RLF    45,F
00FC:  RLF    7A,F
00FD:  RLF    79,F
00FE:  RLF    78,F
00FF:  DECF   77,F
0100:  BTFSC  03.2
0101:  GOTO   11D
0102:  BTFSS  45.7
0103:  GOTO   113
0104:  INCF   7A,F
0105:  BTFSS  03.2
0106:  GOTO   113
0107:  INCF   79,F
0108:  BTFSS  03.2
0109:  GOTO   113
010A:  INCF   78,F
010B:  BTFSS  03.2
010C:  GOTO   113
010D:  RRF    78,F
010E:  RRF    79,F
010F:  RRF    7A,F
0110:  INCF   77,F
0111:  BTFSC  03.2
0112:  GOTO   11D
0113:  MOVF   3A,W
0114:  MOVWF  42
0115:  MOVF   3E,W
0116:  XORWF  42,F
0117:  BTFSS  42.7
0118:  GOTO   11B
0119:  BSF    78.7
011A:  GOTO   121
011B:  BCF    78.7
011C:  GOTO   121
011D:  CLRF   77
011E:  CLRF   78
011F:  CLRF   79
0120:  CLRF   7A
0121:  RETURN
0122:  MOVLW  80
0123:  BTFSC  03.1
0124:  XORWF  3E,F
0125:  CLRF   43
0126:  CLRF   44
0127:  MOVF   3A,W
0128:  MOVWF  42
0129:  MOVF   3E,W
012A:  XORWF  42,F
012B:  MOVF   39,W
012C:  BTFSC  03.2
012D:  GOTO   212
012E:  MOVWF  41
012F:  MOVWF  77
0130:  MOVF   3D,W
0131:  BTFSC  03.2
0132:  GOTO   21B
0133:  SUBWF  41,F
0134:  BTFSC  03.2
0135:  GOTO   1B7
0136:  BTFSS  03.0
0137:  GOTO   175
0138:  MOVF   3E,W
0139:  MOVWF  47
013A:  BSF    47.7
013B:  MOVF   3F,W
013C:  MOVWF  46
013D:  MOVF   40,W
013E:  MOVWF  45
013F:  CLRF   44
0140:  BCF    03.0
0141:  RRF    47,F
0142:  RRF    46,F
0143:  RRF    45,F
0144:  RRF    44,F
0145:  DECFSZ 41,F
0146:  GOTO   13F
0147:  BTFSS  42.7
0148:  GOTO   14C
0149:  BSF    43.0
014A:  GOTO   22F
014B:  BCF    43.0
014C:  BCF    41.0
014D:  BSF    43.4
014E:  MOVLW  3C
014F:  MOVWF  04
0150:  BCF    03.7
0151:  GOTO   244
0152:  BCF    43.4
0153:  BTFSC  42.7
0154:  GOTO   15F
0155:  BTFSS  41.0
0156:  GOTO   16A
0157:  RRF    47,F
0158:  RRF    46,F
0159:  RRF    45,F
015A:  RRF    44,F
015B:  INCF   77,F
015C:  BTFSC  03.2
015D:  GOTO   22A
015E:  GOTO   16A
015F:  BTFSC  47.7
0160:  GOTO   16D
0161:  BCF    03.0
0162:  RLF    44,F
0163:  RLF    45,F
0164:  RLF    46,F
0165:  RLF    47,F
0166:  DECF   77,F
0167:  BTFSC  03.2
0168:  GOTO   22A
0169:  GOTO   15F
016A:  BSF    43.6
016B:  GOTO   1D7
016C:  BCF    43.6
016D:  MOVF   3A,W
016E:  MOVWF  42
016F:  BTFSS  42.7
0170:  GOTO   173
0171:  BSF    47.7
0172:  GOTO   223
0173:  BCF    47.7
0174:  GOTO   223
0175:  MOVF   3D,W
0176:  MOVWF  41
0177:  MOVWF  77
0178:  MOVF   39,W
0179:  SUBWF  41,F
017A:  MOVF   3A,W
017B:  MOVWF  47
017C:  BSF    47.7
017D:  MOVF   3B,W
017E:  MOVWF  46
017F:  MOVF   3C,W
0180:  MOVWF  45
0181:  CLRF   44
0182:  BCF    03.0
0183:  RRF    47,F
0184:  RRF    46,F
0185:  RRF    45,F
0186:  RRF    44,F
0187:  DECFSZ 41,F
0188:  GOTO   181
0189:  BTFSS  42.7
018A:  GOTO   18E
018B:  BSF    43.1
018C:  GOTO   22F
018D:  BCF    43.1
018E:  BCF    41.0
018F:  BSF    43.5
0190:  MOVLW  40
0191:  MOVWF  04
0192:  BCF    03.7
0193:  GOTO   244
0194:  BCF    43.5
0195:  BTFSC  42.7
0196:  GOTO   1A1
0197:  BTFSS  41.0
0198:  GOTO   1AC
0199:  RRF    47,F
019A:  RRF    46,F
019B:  RRF    45,F
019C:  RRF    44,F
019D:  INCF   77,F
019E:  BTFSC  03.2
019F:  GOTO   22A
01A0:  GOTO   1AC
01A1:  BTFSC  47.7
01A2:  GOTO   1AF
01A3:  BCF    03.0
01A4:  RLF    44,F
01A5:  RLF    45,F
01A6:  RLF    46,F
01A7:  RLF    47,F
01A8:  DECF   77,F
01A9:  BTFSC  03.2
01AA:  GOTO   22A
01AB:  GOTO   1A1
01AC:  BSF    43.7
01AD:  GOTO   1D7
01AE:  BCF    43.7
01AF:  MOVF   3E,W
01B0:  MOVWF  42
01B1:  BTFSS  42.7
01B2:  GOTO   1B5
01B3:  BSF    47.7
01B4:  GOTO   223
01B5:  BCF    47.7
01B6:  GOTO   223
01B7:  MOVF   3E,W
01B8:  MOVWF  47
01B9:  BSF    47.7
01BA:  MOVF   3F,W
01BB:  MOVWF  46
01BC:  MOVF   40,W
01BD:  MOVWF  45
01BE:  BTFSS  42.7
01BF:  GOTO   1C4
01C0:  BCF    47.7
01C1:  BSF    43.2
01C2:  GOTO   22F
01C3:  BCF    43.2
01C4:  CLRF   44
01C5:  BCF    41.0
01C6:  MOVLW  3C
01C7:  MOVWF  04
01C8:  BCF    03.7
01C9:  GOTO   244
01CA:  BTFSC  42.7
01CB:  GOTO   1ED
01CC:  MOVF   3A,W
01CD:  MOVWF  42
01CE:  BTFSS  41.0
01CF:  GOTO   1D7
01D0:  RRF    47,F
01D1:  RRF    46,F
01D2:  RRF    45,F
01D3:  RRF    44,F
01D4:  INCF   77,F
01D5:  BTFSC  03.2
01D6:  GOTO   22A
01D7:  BTFSS  44.7
01D8:  GOTO   1E8
01D9:  INCF   45,F
01DA:  BTFSS  03.2
01DB:  GOTO   1E8
01DC:  INCF   46,F
01DD:  BTFSS  03.2
01DE:  GOTO   1E8
01DF:  INCF   47,F
01E0:  BTFSS  03.2
01E1:  GOTO   1E8
01E2:  RRF    47,F
01E3:  RRF    46,F
01E4:  RRF    45,F
01E5:  INCF   77,F
01E6:  BTFSC  03.2
01E7:  GOTO   22A
01E8:  BTFSC  43.6
01E9:  GOTO   16C
01EA:  BTFSC  43.7
01EB:  GOTO   1AE
01EC:  GOTO   20C
01ED:  MOVLW  80
01EE:  XORWF  47,F
01EF:  BTFSS  47.7
01F0:  GOTO   1F5
01F1:  GOTO   22F
01F2:  MOVF   3E,W
01F3:  MOVWF  42
01F4:  GOTO   202
01F5:  MOVF   3A,W
01F6:  MOVWF  42
01F7:  MOVF   47,F
01F8:  BTFSS  03.2
01F9:  GOTO   202
01FA:  MOVF   46,F
01FB:  BTFSS  03.2
01FC:  GOTO   202
01FD:  MOVF   45,F
01FE:  BTFSS  03.2
01FF:  GOTO   202
0200:  CLRF   77
0201:  GOTO   223
0202:  BTFSC  47.7
0203:  GOTO   20C
0204:  BCF    03.0
0205:  RLF    44,F
0206:  RLF    45,F
0207:  RLF    46,F
0208:  RLF    47,F
0209:  DECFSZ 77,F
020A:  GOTO   202
020B:  GOTO   22A
020C:  BTFSS  42.7
020D:  GOTO   210
020E:  BSF    47.7
020F:  GOTO   223
0210:  BCF    47.7
0211:  GOTO   223
0212:  MOVF   3D,W
0213:  MOVWF  77
0214:  MOVF   3E,W
0215:  MOVWF  47
0216:  MOVF   3F,W
0217:  MOVWF  46
0218:  MOVF   40,W
0219:  MOVWF  45
021A:  GOTO   223
021B:  MOVF   39,W
021C:  MOVWF  77
021D:  MOVF   3A,W
021E:  MOVWF  47
021F:  MOVF   3B,W
0220:  MOVWF  46
0221:  MOVF   3C,W
0222:  MOVWF  45
0223:  MOVF   47,W
0224:  MOVWF  78
0225:  MOVF   46,W
0226:  MOVWF  79
0227:  MOVF   45,W
0228:  MOVWF  7A
0229:  GOTO   262
022A:  CLRF   77
022B:  CLRF   78
022C:  CLRF   79
022D:  CLRF   7A
022E:  GOTO   262
022F:  CLRF   44
0230:  COMF   45,F
0231:  COMF   46,F
0232:  COMF   47,F
0233:  COMF   44,F
0234:  INCF   44,F
0235:  BTFSS  03.2
0236:  GOTO   23D
0237:  INCF   45,F
0238:  BTFSS  03.2
0239:  GOTO   23D
023A:  INCF   46,F
023B:  BTFSC  03.2
023C:  INCF   47,F
023D:  BTFSC  43.0
023E:  GOTO   14B
023F:  BTFSC  43.1
0240:  GOTO   18D
0241:  BTFSC  43.2
0242:  GOTO   1C3
0243:  GOTO   1F2
0244:  MOVF   00,W
0245:  ADDWF  45,F
0246:  BTFSS  03.0
0247:  GOTO   24E
0248:  INCF   46,F
0249:  BTFSS  03.2
024A:  GOTO   24E
024B:  INCF   47,F
024C:  BTFSC  03.2
024D:  BSF    41.0
024E:  DECF   04,F
024F:  MOVF   00,W
0250:  ADDWF  46,F
0251:  BTFSS  03.0
0252:  GOTO   256
0253:  INCF   47,F
0254:  BTFSC  03.2
0255:  BSF    41.0
0256:  DECF   04,F
0257:  MOVF   00,W
0258:  BTFSS  00.7
0259:  XORLW  80
025A:  ADDWF  47,F
025B:  BTFSC  03.0
025C:  BSF    41.0
025D:  BTFSC  43.4
025E:  GOTO   152
025F:  BTFSC  43.5
0260:  GOTO   194
0261:  GOTO   1CA
0262:  RETURN
0263:  MOVF   39,W
0264:  BTFSC  03.2
0265:  GOTO   328
0266:  MOVWF  45
0267:  MOVF   3D,W
0268:  BTFSC  03.2
0269:  GOTO   328
026A:  SUBWF  45,F
026B:  BTFSS  03.0
026C:  GOTO   272
026D:  MOVLW  7F
026E:  ADDWF  45,F
026F:  BTFSC  03.0
0270:  GOTO   328
0271:  GOTO   278
0272:  MOVLW  81
0273:  SUBWF  45,F
0274:  BTFSS  03.0
0275:  GOTO   328
0276:  BTFSC  03.2
0277:  GOTO   328
0278:  MOVF   45,W
0279:  MOVWF  77
027A:  CLRF   78
027B:  CLRF   79
027C:  CLRF   7A
027D:  CLRF   44
027E:  MOVF   3A,W
027F:  MOVWF  43
0280:  BSF    43.7
0281:  MOVF   3B,W
0282:  MOVWF  42
0283:  MOVF   3C,W
0284:  MOVWF  41
0285:  MOVLW  19
0286:  MOVWF  45
0287:  MOVF   40,W
0288:  SUBWF  41,F
0289:  BTFSC  03.0
028A:  GOTO   29B
028B:  MOVLW  01
028C:  SUBWF  42,F
028D:  BTFSC  03.0
028E:  GOTO   29B
028F:  SUBWF  43,F
0290:  BTFSC  03.0
0291:  GOTO   29B
0292:  SUBWF  44,F
0293:  BTFSC  03.0
0294:  GOTO   29B
0295:  INCF   44,F
0296:  INCF   43,F
0297:  INCF   42,F
0298:  MOVF   40,W
0299:  ADDWF  41,F
029A:  GOTO   2CD
029B:  MOVF   3F,W
029C:  SUBWF  42,F
029D:  BTFSC  03.0
029E:  GOTO   2B6
029F:  MOVLW  01
02A0:  SUBWF  43,F
02A1:  BTFSC  03.0
02A2:  GOTO   2B6
02A3:  SUBWF  44,F
02A4:  BTFSC  03.0
02A5:  GOTO   2B6
02A6:  INCF   44,F
02A7:  INCF   43,F
02A8:  MOVF   3F,W
02A9:  ADDWF  42,F
02AA:  MOVF   40,W
02AB:  ADDWF  41,F
02AC:  BTFSS  03.0
02AD:  GOTO   2CD
02AE:  INCF   42,F
02AF:  BTFSS  03.2
02B0:  GOTO   2CD
02B1:  INCF   43,F
02B2:  BTFSS  03.2
02B3:  GOTO   2CD
02B4:  INCF   44,F
02B5:  GOTO   2CD
02B6:  MOVF   3E,W
02B7:  IORLW  80
02B8:  SUBWF  43,F
02B9:  BTFSC  03.0
02BA:  GOTO   2CC
02BB:  MOVLW  01
02BC:  SUBWF  44,F
02BD:  BTFSC  03.0
02BE:  GOTO   2CC
02BF:  INCF   44,F
02C0:  MOVF   3E,W
02C1:  IORLW  80
02C2:  ADDWF  43,F
02C3:  MOVF   3F,W
02C4:  ADDWF  42,F
02C5:  BTFSS  03.0
02C6:  GOTO   2AA
02C7:  INCF   43,F
02C8:  BTFSS  03.2
02C9:  GOTO   2AA
02CA:  INCF   44,F
02CB:  GOTO   2AA
02CC:  BSF    7A.0
02CD:  DECFSZ 45,F
02CE:  GOTO   2D0
02CF:  GOTO   2DB
02D0:  BCF    03.0
02D1:  RLF    41,F
02D2:  RLF    42,F
02D3:  RLF    43,F
02D4:  RLF    44,F
02D5:  BCF    03.0
02D6:  RLF    7A,F
02D7:  RLF    79,F
02D8:  RLF    78,F
02D9:  RLF    46,F
02DA:  GOTO   287
02DB:  BTFSS  46.0
02DC:  GOTO   2E3
02DD:  BCF    03.0
02DE:  RRF    78,F
02DF:  RRF    79,F
02E0:  RRF    7A,F
02E1:  RRF    46,F
02E2:  GOTO   2E6
02E3:  DECF   77,F
02E4:  BTFSC  03.2
02E5:  GOTO   328
02E6:  BTFSC  46.7
02E7:  GOTO   30F
02E8:  BCF    03.0
02E9:  RLF    41,F
02EA:  RLF    42,F
02EB:  RLF    43,F
02EC:  RLF    44,F
02ED:  MOVF   40,W
02EE:  SUBWF  41,F
02EF:  BTFSC  03.0
02F0:  GOTO   2FB
02F1:  MOVLW  01
02F2:  SUBWF  42,F
02F3:  BTFSC  03.0
02F4:  GOTO   2FB
02F5:  SUBWF  43,F
02F6:  BTFSC  03.0
02F7:  GOTO   2FB
02F8:  SUBWF  44,F
02F9:  BTFSS  03.0
02FA:  GOTO   31E
02FB:  MOVF   3F,W
02FC:  SUBWF  42,F
02FD:  BTFSC  03.0
02FE:  GOTO   306
02FF:  MOVLW  01
0300:  SUBWF  43,F
0301:  BTFSC  03.0
0302:  GOTO   306
0303:  SUBWF  44,F
0304:  BTFSS  03.0
0305:  GOTO   31E
0306:  MOVF   3E,W
0307:  IORLW  80
0308:  SUBWF  43,F
0309:  BTFSC  03.0
030A:  GOTO   30F
030B:  MOVLW  01
030C:  SUBWF  44,F
030D:  BTFSS  03.0
030E:  GOTO   31E
030F:  INCF   7A,F
0310:  BTFSS  03.2
0311:  GOTO   31E
0312:  INCF   79,F
0313:  BTFSS  03.2
0314:  GOTO   31E
0315:  INCF   78,F
0316:  BTFSS  03.2
0317:  GOTO   31E
0318:  INCF   77,F
0319:  BTFSC  03.2
031A:  GOTO   328
031B:  RRF    78,F
031C:  RRF    79,F
031D:  RRF    7A,F
031E:  MOVF   3A,W
031F:  MOVWF  45
0320:  MOVF   3E,W
0321:  XORWF  45,F
0322:  BTFSS  45.7
0323:  GOTO   326
0324:  BSF    78.7
0325:  GOTO   32C
0326:  BCF    78.7
0327:  GOTO   32C
0328:  CLRF   77
0329:  CLRF   78
032A:  CLRF   79
032B:  CLRF   7A
032C:  RETURN
032D:  CLRF   77
032E:  CLRF   78
032F:  MOVF   39,W
0330:  BCF    03.0
0331:  BTFSC  3A.0
0332:  ADDWF  77,F
0333:  RRF    77,F
0334:  RRF    78,F
0335:  BTFSC  3A.1
0336:  ADDWF  77,F
0337:  RRF    77,F
0338:  RRF    78,F
0339:  BTFSC  3A.2
033A:  ADDWF  77,F
033B:  RRF    77,F
033C:  RRF    78,F
033D:  BTFSC  3A.3
033E:  ADDWF  77,F
033F:  RRF    77,F
0340:  RRF    78,F
0341:  BTFSC  3A.4
0342:  ADDWF  77,F
0343:  RRF    77,F
0344:  RRF    78,F
0345:  BTFSC  3A.5
0346:  ADDWF  77,F
0347:  RRF    77,F
0348:  RRF    78,F
0349:  BTFSC  3A.6
034A:  ADDWF  77,F
034B:  RRF    77,F
034C:  RRF    78,F
034D:  BTFSC  3A.7
034E:  ADDWF  77,F
034F:  RRF    77,F
0350:  RRF    78,F
0351:  RETURN
0352:  MOVLW  8E
0353:  MOVWF  77
0354:  MOVF   3B,W
0355:  MOVWF  78
0356:  MOVF   3A,W
0357:  MOVWF  79
0358:  CLRF   7A
0359:  MOVF   78,F
035A:  BTFSS  03.2
035B:  GOTO   366
035C:  MOVF   79,W
035D:  MOVWF  78
035E:  CLRF   79
035F:  MOVLW  08
0360:  SUBWF  77,F
0361:  MOVF   78,F
0362:  BTFSS  03.2
0363:  GOTO   366
0364:  CLRF   77
0365:  GOTO   36E
0366:  BCF    03.0
0367:  BTFSC  78.7
0368:  GOTO   36D
0369:  RLF    79,F
036A:  RLF    78,F
036B:  DECF   77,F
036C:  GOTO   366
036D:  BCF    78.7
036E:  RETURN
036F:  MOVLW  8E
0370:  MOVWF  77
0371:  MOVF   39,W
0372:  SUBWF  77,F
0373:  MOVF   3A,W
0374:  MOVWF  79
0375:  MOVF   3B,W
0376:  MOVWF  78
0377:  BSF    79.7
0378:  MOVF   77,F
0379:  BTFSC  03.2
037A:  GOTO   386
037B:  BCF    03.0
037C:  MOVF   79,F
037D:  BTFSS  03.2
037E:  GOTO   382
037F:  MOVF   78,F
0380:  BTFSC  03.2
0381:  GOTO   386
0382:  RRF    79,F
0383:  RRF    78,F
0384:  DECFSZ 77,F
0385:  GOTO   37B
0386:  BTFSS  3A.7
0387:  GOTO   38D
0388:  COMF   78,F
0389:  COMF   79,F
038A:  INCF   78,F
038B:  BTFSC  03.2
038C:  INCF   79,F
038D:  RETURN
*
0DED:  MOVF   3A,W
0DEE:  CLRF   78
0DEF:  SUBWF  39,W
0DF0:  BTFSC  03.0
0DF1:  GOTO   5F5
0DF2:  MOVF   39,W
0DF3:  MOVWF  77
0DF4:  GOTO   601
0DF5:  CLRF   77
0DF6:  MOVLW  08
0DF7:  MOVWF  3B
0DF8:  RLF    39,F
0DF9:  RLF    77,F
0DFA:  MOVF   3A,W
0DFB:  SUBWF  77,W
0DFC:  BTFSC  03.0
0DFD:  MOVWF  77
0DFE:  RLF    78,F
0DFF:  DECFSZ 3B,F
0E00:  GOTO   5F8
....................  
.................... #list 
....................  
.................... #device ADC=16 
....................  
.................... #FUSES NOWDT                 	//No Watch Dog Timer 
.................... #FUSES NOBROWNOUT            	//No brownout reset 
.................... #FUSES NOLVP                 	//No low voltage prgming, B3(PIC16) or B5(PIC18) used for I/O 
....................  
.................... #use delay(crystal=20000000) 
*
0044:  MOVLW  3B
0045:  MOVWF  04
0046:  BCF    03.7
0047:  MOVF   00,W
0048:  BTFSC  03.2
0049:  GOTO   057
004A:  MOVLW  06
004B:  MOVWF  78
004C:  CLRF   77
004D:  DECFSZ 77,F
004E:  GOTO   04D
004F:  DECFSZ 78,F
0050:  GOTO   04C
0051:  MOVLW  7B
0052:  MOVWF  77
0053:  DECFSZ 77,F
0054:  GOTO   053
0055:  DECFSZ 00,F
0056:  GOTO   04A
0057:  RETURN
....................  
....................  
.................... #FUSES  NOPUT, NOPROTECT, HS, NOWRT, NOBROWNOUT, NOCPD, NOLVP, NOWDT 
.................... //SATIRLAR 
.................... #define SATIR_1 pin_d0 
.................... #define SATIR_2 pin_d1 
.................... #define SATIR_3 pin_d2 
.................... #define SATIR_4 pin_d3 
.................... //SUTUNLAR 
.................... #define SUTUN_1 pin_d4 
.................... #define SUTUN_2 pin_d5 
.................... #define SUTUN_3 pin_d6 
.................... #define SUTUN_4 pin_d7 
....................  
.................... // Buton Sorgulama Fonksiyonu 
.................... void Buton_Sorgula(); 
.................... // Hesaplama Islemi 
.................... void Hesap(); 
.................... // Komut Gonderme Fonksiyonu 
.................... void Komut_Gonder( char ); 
.................... // Input olarak gelen sayi icin 
.................... double inp = 0; 
.................... // Output olarak cikacak sayi icin 
.................... double out = 0; 
.................... char islem = '/'; 
.................... // Calisip Calismama degiskeni 
.................... int start = 0; 
.................... // Baslangicta sifir gostermesi icin degisken 
.................... int baslangic = 0; 
....................  
....................  
.................... void main() 
*
038E:  MOVF   03,W
038F:  ANDLW  1F
0390:  MOVWF  03
0391:  CLRF   2A
0392:  CLRF   29
0393:  CLRF   28
0394:  CLRF   27
0395:  CLRF   2E
0396:  CLRF   2D
0397:  CLRF   2C
0398:  CLRF   2B
0399:  MOVLW  2F
039A:  MOVWF  2F
039B:  CLRF   30
039C:  CLRF   31
039D:  MOVLW  FF
039E:  MOVWF  32
039F:  BSF    03.5
03A0:  BSF    1F.0
03A1:  BSF    1F.1
03A2:  BSF    1F.2
03A3:  BCF    1F.3
03A4:  MOVLW  07
03A5:  MOVWF  1C
03A6:  BCF    03.7
.................... { 
....................    //Lowdan High a gecerken kesme uygulanacak en yakin 16 oldugu icin onu kullandim 
....................    setup_adc_ports( 0x00 ); 
03A7:  BCF    1F.0
03A8:  BCF    1F.1
03A9:  BCF    1F.2
03AA:  BCF    1F.3
....................    set_adc_channel(0x00); 
03AB:  MOVLW  00
03AC:  MOVWF  78
03AD:  BCF    03.5
03AE:  MOVF   1F,W
03AF:  ANDLW  C7
03B0:  IORWF  78,W
03B1:  MOVWF  1F
....................    setup_spi(SPI_MASTER| SPI_L_TO_H| SPI_CLK_DIV_16); 
03B2:  BCF    14.5
03B3:  BCF    32.5
03B4:  MOVF   32,W
03B5:  BSF    03.5
03B6:  MOVWF  07
03B7:  BCF    03.5
03B8:  BSF    32.4
03B9:  MOVF   32,W
03BA:  BSF    03.5
03BB:  MOVWF  07
03BC:  BCF    03.5
03BD:  BCF    32.3
03BE:  MOVF   32,W
03BF:  BSF    03.5
03C0:  MOVWF  07
03C1:  MOVLW  21
03C2:  BCF    03.5
03C3:  MOVWF  14
03C4:  MOVLW  00
03C5:  BSF    03.5
03C6:  MOVWF  14
....................    delay_ms( 200 ); 
03C7:  MOVLW  C8
03C8:  BCF    03.5
03C9:  MOVWF  3B
03CA:  CALL   044
....................    //Ilk 4lu output son 4lu input 
....................    set_tris_d(0b11110000); 
03CB:  MOVLW  F0
03CC:  BSF    03.5
03CD:  MOVWF  08
....................    output_d(0x00); 
03CE:  CLRF   08
03CF:  BCF    03.5
03D0:  CLRF   08
....................   //Low'dan High'a gecerken kesme uygulattim buton icin de 
....................   ext_int_edge(L_TO_H); 
03D1:  BSF    03.5
03D2:  BSF    01.6
....................   // Kesmeleri aktif hale getirdim 
....................   enable_interrupts( INT_EXT ); 
03D3:  BCF    03.5
03D4:  BSF    0B.4
....................   enable_interrupts( GLOBAL ); 
03D5:  MOVLW  C0
03D6:  IORWF  0B,F
....................     
....................    while(TRUE) 
....................    {  // Calisiyorsa 
....................       if ( start ) 
03D7:  MOVF   30,F
03D8:  BTFSC  03.2
03D9:  GOTO   3E5
....................       {   
....................          // Ilk defa ise 
....................          if ( baslangic ) 
03DA:  MOVF   31,F
03DB:  BTFSC  03.2
03DC:  GOTO   3E1
....................          { 
....................             Komut_Gonder( '0' ); 
03DD:  MOVLW  30
03DE:  MOVWF  3A
03DF:  CALL   058
....................             baslangic  = 0; 
03E0:  CLRF   31
....................          } 
....................          // Tek tek butonlari sorgulattim 
....................          Buton_Sorgula(); 
03E1:  BSF    0A.3
03E2:  GOTO   000
03E3:  BCF    0A.3
....................       } 
03E4:  GOTO   3E8
....................       else 
....................          // Durdurma Komutu 
....................          Komut_Gonder( 'A' ); 
03E5:  MOVLW  41
03E6:  MOVWF  3A
03E7:  CALL   058
03E8:  GOTO   3D7
....................    } 
.................... } 
....................  
03E9:  SLEEP
.................... void Buton_Sorgula() 
.................... { 
....................  
....................       //SATIR 1 -> 7, 8, 9, / 
....................       output_high( SATIR_1 ); 
*
0800:  BSF    03.5
0801:  BCF    08.0
0802:  BCF    03.5
0803:  BSF    08.0
....................       if( input( SUTUN_1 ) )// 7 
0804:  BSF    03.5
0805:  BSF    08.4
0806:  BCF    03.5
0807:  BTFSS  08.4
0808:  GOTO   06E
....................       { 
....................          if( inp == 0 && out == 0)Komut_Gonder( '\f' ); 
0809:  MOVF   2A,W
080A:  MOVWF  3D
080B:  MOVF   29,W
080C:  MOVWF  3C
080D:  MOVF   28,W
080E:  MOVWF  3B
080F:  MOVF   27,W
0810:  MOVWF  3A
0811:  CLRF   41
0812:  CLRF   40
0813:  CLRF   3F
0814:  CLRF   3E
0815:  BCF    0A.3
0816:  CALL   06E
0817:  BSF    0A.3
0818:  BTFSS  03.2
0819:  GOTO   030
081A:  MOVF   2E,W
081B:  MOVWF  3D
081C:  MOVF   2D,W
081D:  MOVWF  3C
081E:  MOVF   2C,W
081F:  MOVWF  3B
0820:  MOVF   2B,W
0821:  MOVWF  3A
0822:  CLRF   41
0823:  CLRF   40
0824:  CLRF   3F
0825:  CLRF   3E
0826:  BCF    0A.3
0827:  CALL   06E
0828:  BSF    0A.3
0829:  BTFSS  03.2
082A:  GOTO   030
082B:  MOVLW  0C
082C:  MOVWF  3A
082D:  BCF    0A.3
082E:  CALL   058
082F:  BSF    0A.3
....................          inp *=10;inp += 7;Komut_Gonder( '7' );delay_ms(250); 
0830:  MOVF   2A,W
0831:  MOVWF  3C
0832:  MOVF   29,W
0833:  MOVWF  3B
0834:  MOVF   28,W
0835:  MOVWF  3A
0836:  MOVF   27,W
0837:  MOVWF  39
0838:  CLRF   40
0839:  CLRF   3F
083A:  MOVLW  20
083B:  MOVWF  3E
083C:  MOVLW  82
083D:  MOVWF  3D
083E:  BCF    0A.3
083F:  CALL   0AD
0840:  BSF    0A.3
0841:  MOVF   7A,W
0842:  MOVWF  2A
0843:  MOVF   79,W
0844:  MOVWF  29
0845:  MOVF   78,W
0846:  MOVWF  28
0847:  MOVF   77,W
0848:  MOVWF  27
0849:  BCF    03.1
084A:  MOVF   2A,W
084B:  MOVWF  3C
084C:  MOVF   29,W
084D:  MOVWF  3B
084E:  MOVF   28,W
084F:  MOVWF  3A
0850:  MOVF   27,W
0851:  MOVWF  39
0852:  CLRF   40
0853:  CLRF   3F
0854:  MOVLW  60
0855:  MOVWF  3E
0856:  MOVLW  81
0857:  MOVWF  3D
0858:  BCF    0A.3
0859:  CALL   122
085A:  BSF    0A.3
085B:  MOVF   7A,W
085C:  MOVWF  2A
085D:  MOVF   79,W
085E:  MOVWF  29
085F:  MOVF   78,W
0860:  MOVWF  28
0861:  MOVF   77,W
0862:  MOVWF  27
0863:  MOVLW  37
0864:  MOVWF  3A
0865:  BCF    0A.3
0866:  CALL   058
0867:  BSF    0A.3
0868:  MOVLW  FA
0869:  MOVWF  3B
086A:  BCF    0A.3
086B:  CALL   044
086C:  BSF    0A.3
....................       } 
086D:  GOTO   16F
....................       else if( input( SUTUN_2 ) )// 8 
086E:  BSF    03.5
086F:  BSF    08.5
0870:  BCF    03.5
0871:  BTFSS  08.5
0872:  GOTO   0D7
....................       { 
....................          if( inp == 0 && out == 0) Komut_Gonder( '\f' ); 
0873:  MOVF   2A,W
0874:  MOVWF  3D
0875:  MOVF   29,W
0876:  MOVWF  3C
0877:  MOVF   28,W
0878:  MOVWF  3B
0879:  MOVF   27,W
087A:  MOVWF  3A
087B:  CLRF   41
087C:  CLRF   40
087D:  CLRF   3F
087E:  CLRF   3E
087F:  BCF    0A.3
0880:  CALL   06E
0881:  BSF    0A.3
0882:  BTFSS  03.2
0883:  GOTO   09A
0884:  MOVF   2E,W
0885:  MOVWF  3D
0886:  MOVF   2D,W
0887:  MOVWF  3C
0888:  MOVF   2C,W
0889:  MOVWF  3B
088A:  MOVF   2B,W
088B:  MOVWF  3A
088C:  CLRF   41
088D:  CLRF   40
088E:  CLRF   3F
088F:  CLRF   3E
0890:  BCF    0A.3
0891:  CALL   06E
0892:  BSF    0A.3
0893:  BTFSS  03.2
0894:  GOTO   09A
0895:  MOVLW  0C
0896:  MOVWF  3A
0897:  BCF    0A.3
0898:  CALL   058
0899:  BSF    0A.3
....................          inp *=10;inp += 8;Komut_Gonder( '8' );delay_ms(250); 
089A:  MOVF   2A,W
089B:  MOVWF  3C
089C:  MOVF   29,W
089D:  MOVWF  3B
089E:  MOVF   28,W
089F:  MOVWF  3A
08A0:  MOVF   27,W
08A1:  MOVWF  39
08A2:  CLRF   40
08A3:  CLRF   3F
08A4:  MOVLW  20
08A5:  MOVWF  3E
08A6:  MOVLW  82
08A7:  MOVWF  3D
08A8:  BCF    0A.3
08A9:  CALL   0AD
08AA:  BSF    0A.3
08AB:  MOVF   7A,W
08AC:  MOVWF  2A
08AD:  MOVF   79,W
08AE:  MOVWF  29
08AF:  MOVF   78,W
08B0:  MOVWF  28
08B1:  MOVF   77,W
08B2:  MOVWF  27
08B3:  BCF    03.1
08B4:  MOVF   2A,W
08B5:  MOVWF  3C
08B6:  MOVF   29,W
08B7:  MOVWF  3B
08B8:  MOVF   28,W
08B9:  MOVWF  3A
08BA:  MOVF   27,W
08BB:  MOVWF  39
08BC:  CLRF   40
08BD:  CLRF   3F
08BE:  CLRF   3E
08BF:  MOVLW  82
08C0:  MOVWF  3D
08C1:  BCF    0A.3
08C2:  CALL   122
08C3:  BSF    0A.3
08C4:  MOVF   7A,W
08C5:  MOVWF  2A
08C6:  MOVF   79,W
08C7:  MOVWF  29
08C8:  MOVF   78,W
08C9:  MOVWF  28
08CA:  MOVF   77,W
08CB:  MOVWF  27
08CC:  MOVLW  38
08CD:  MOVWF  3A
08CE:  BCF    0A.3
08CF:  CALL   058
08D0:  BSF    0A.3
08D1:  MOVLW  FA
08D2:  MOVWF  3B
08D3:  BCF    0A.3
08D4:  CALL   044
08D5:  BSF    0A.3
....................       } 
08D6:  GOTO   16F
....................       else if( input( SUTUN_3 ) )// 9 
08D7:  BSF    03.5
08D8:  BSF    08.6
08D9:  BCF    03.5
08DA:  BTFSS  08.6
08DB:  GOTO   141
....................       { 
....................          if( inp == 0 && out == 0)Komut_Gonder( '\f' ); 
08DC:  MOVF   2A,W
08DD:  MOVWF  3D
08DE:  MOVF   29,W
08DF:  MOVWF  3C
08E0:  MOVF   28,W
08E1:  MOVWF  3B
08E2:  MOVF   27,W
08E3:  MOVWF  3A
08E4:  CLRF   41
08E5:  CLRF   40
08E6:  CLRF   3F
08E7:  CLRF   3E
08E8:  BCF    0A.3
08E9:  CALL   06E
08EA:  BSF    0A.3
08EB:  BTFSS  03.2
08EC:  GOTO   103
08ED:  MOVF   2E,W
08EE:  MOVWF  3D
08EF:  MOVF   2D,W
08F0:  MOVWF  3C
08F1:  MOVF   2C,W
08F2:  MOVWF  3B
08F3:  MOVF   2B,W
08F4:  MOVWF  3A
08F5:  CLRF   41
08F6:  CLRF   40
08F7:  CLRF   3F
08F8:  CLRF   3E
08F9:  BCF    0A.3
08FA:  CALL   06E
08FB:  BSF    0A.3
08FC:  BTFSS  03.2
08FD:  GOTO   103
08FE:  MOVLW  0C
08FF:  MOVWF  3A
0900:  BCF    0A.3
0901:  CALL   058
0902:  BSF    0A.3
....................          inp *=10;inp += 9;Komut_Gonder( '9' );delay_ms(250); 
0903:  MOVF   2A,W
0904:  MOVWF  3C
0905:  MOVF   29,W
0906:  MOVWF  3B
0907:  MOVF   28,W
0908:  MOVWF  3A
0909:  MOVF   27,W
090A:  MOVWF  39
090B:  CLRF   40
090C:  CLRF   3F
090D:  MOVLW  20
090E:  MOVWF  3E
090F:  MOVLW  82
0910:  MOVWF  3D
0911:  BCF    0A.3
0912:  CALL   0AD
0913:  BSF    0A.3
0914:  MOVF   7A,W
0915:  MOVWF  2A
0916:  MOVF   79,W
0917:  MOVWF  29
0918:  MOVF   78,W
0919:  MOVWF  28
091A:  MOVF   77,W
091B:  MOVWF  27
091C:  BCF    03.1
091D:  MOVF   2A,W
091E:  MOVWF  3C
091F:  MOVF   29,W
0920:  MOVWF  3B
0921:  MOVF   28,W
0922:  MOVWF  3A
0923:  MOVF   27,W
0924:  MOVWF  39
0925:  CLRF   40
0926:  CLRF   3F
0927:  MOVLW  10
0928:  MOVWF  3E
0929:  MOVLW  82
092A:  MOVWF  3D
092B:  BCF    0A.3
092C:  CALL   122
092D:  BSF    0A.3
092E:  MOVF   7A,W
092F:  MOVWF  2A
0930:  MOVF   79,W
0931:  MOVWF  29
0932:  MOVF   78,W
0933:  MOVWF  28
0934:  MOVF   77,W
0935:  MOVWF  27
0936:  MOVLW  39
0937:  MOVWF  3A
0938:  BCF    0A.3
0939:  CALL   058
093A:  BSF    0A.3
093B:  MOVLW  FA
093C:  MOVWF  3B
093D:  BCF    0A.3
093E:  CALL   044
093F:  BSF    0A.3
....................       } 
0940:  GOTO   16F
....................       else if( input( SUTUN_4 ) )// / 
0941:  BSF    03.5
0942:  BSF    08.7
0943:  BCF    03.5
0944:  BTFSS  08.7
0945:  GOTO   16F
....................       { 
....................          islem = '/'; 
0946:  MOVLW  2F
0947:  MOVWF  2F
....................          if ( out == 0 ){out = inp; inp = 0;} 
0948:  MOVF   2E,W
0949:  MOVWF  3D
094A:  MOVF   2D,W
094B:  MOVWF  3C
094C:  MOVF   2C,W
094D:  MOVWF  3B
094E:  MOVF   2B,W
094F:  MOVWF  3A
0950:  CLRF   41
0951:  CLRF   40
0952:  CLRF   3F
0953:  CLRF   3E
0954:  BCF    0A.3
0955:  CALL   06E
0956:  BSF    0A.3
0957:  BTFSS  03.2
0958:  GOTO   165
0959:  MOVF   2A,W
095A:  MOVWF  2E
095B:  MOVF   29,W
095C:  MOVWF  2D
095D:  MOVF   28,W
095E:  MOVWF  2C
095F:  MOVF   27,W
0960:  MOVWF  2B
0961:  CLRF   2A
0962:  CLRF   29
0963:  CLRF   28
0964:  CLRF   27
....................          Komut_Gonder( '/' );delay_ms(250); 
0965:  MOVLW  2F
0966:  MOVWF  3A
0967:  BCF    0A.3
0968:  CALL   058
0969:  BSF    0A.3
096A:  MOVLW  FA
096B:  MOVWF  3B
096C:  BCF    0A.3
096D:  CALL   044
096E:  BSF    0A.3
....................       } 
....................       output_low( SATIR_1 ); 
096F:  BSF    03.5
0970:  BCF    08.0
0971:  BCF    03.5
0972:  BCF    08.0
....................  
....................       //SATIR 2 -> 4, 5, 6, x 
....................       output_high( SATIR_2 ); 
0973:  BSF    03.5
0974:  BCF    08.1
0975:  BCF    03.5
0976:  BSF    08.1
....................       // 4 
....................       if( input( SUTUN_1 ) ) 
0977:  BSF    03.5
0978:  BSF    08.4
0979:  BCF    03.5
097A:  BTFSS  08.4
097B:  GOTO   1E0
....................       { 
....................          if( inp == 0 && out == 0) Komut_Gonder( '\f' );   
097C:  MOVF   2A,W
097D:  MOVWF  3D
097E:  MOVF   29,W
097F:  MOVWF  3C
0980:  MOVF   28,W
0981:  MOVWF  3B
0982:  MOVF   27,W
0983:  MOVWF  3A
0984:  CLRF   41
0985:  CLRF   40
0986:  CLRF   3F
0987:  CLRF   3E
0988:  BCF    0A.3
0989:  CALL   06E
098A:  BSF    0A.3
098B:  BTFSS  03.2
098C:  GOTO   1A3
098D:  MOVF   2E,W
098E:  MOVWF  3D
098F:  MOVF   2D,W
0990:  MOVWF  3C
0991:  MOVF   2C,W
0992:  MOVWF  3B
0993:  MOVF   2B,W
0994:  MOVWF  3A
0995:  CLRF   41
0996:  CLRF   40
0997:  CLRF   3F
0998:  CLRF   3E
0999:  BCF    0A.3
099A:  CALL   06E
099B:  BSF    0A.3
099C:  BTFSS  03.2
099D:  GOTO   1A3
099E:  MOVLW  0C
099F:  MOVWF  3A
09A0:  BCF    0A.3
09A1:  CALL   058
09A2:  BSF    0A.3
....................          inp *=10;inp += 4; Komut_Gonder( '4' ); delay_ms(250); 
09A3:  MOVF   2A,W
09A4:  MOVWF  3C
09A5:  MOVF   29,W
09A6:  MOVWF  3B
09A7:  MOVF   28,W
09A8:  MOVWF  3A
09A9:  MOVF   27,W
09AA:  MOVWF  39
09AB:  CLRF   40
09AC:  CLRF   3F
09AD:  MOVLW  20
09AE:  MOVWF  3E
09AF:  MOVLW  82
09B0:  MOVWF  3D
09B1:  BCF    0A.3
09B2:  CALL   0AD
09B3:  BSF    0A.3
09B4:  MOVF   7A,W
09B5:  MOVWF  2A
09B6:  MOVF   79,W
09B7:  MOVWF  29
09B8:  MOVF   78,W
09B9:  MOVWF  28
09BA:  MOVF   77,W
09BB:  MOVWF  27
09BC:  BCF    03.1
09BD:  MOVF   2A,W
09BE:  MOVWF  3C
09BF:  MOVF   29,W
09C0:  MOVWF  3B
09C1:  MOVF   28,W
09C2:  MOVWF  3A
09C3:  MOVF   27,W
09C4:  MOVWF  39
09C5:  CLRF   40
09C6:  CLRF   3F
09C7:  CLRF   3E
09C8:  MOVLW  81
09C9:  MOVWF  3D
09CA:  BCF    0A.3
09CB:  CALL   122
09CC:  BSF    0A.3
09CD:  MOVF   7A,W
09CE:  MOVWF  2A
09CF:  MOVF   79,W
09D0:  MOVWF  29
09D1:  MOVF   78,W
09D2:  MOVWF  28
09D3:  MOVF   77,W
09D4:  MOVWF  27
09D5:  MOVLW  34
09D6:  MOVWF  3A
09D7:  BCF    0A.3
09D8:  CALL   058
09D9:  BSF    0A.3
09DA:  MOVLW  FA
09DB:  MOVWF  3B
09DC:  BCF    0A.3
09DD:  CALL   044
09DE:  BSF    0A.3
....................       } 
09DF:  GOTO   2E2
....................       else if( input( SUTUN_2 ) )// 5 
09E0:  BSF    03.5
09E1:  BSF    08.5
09E2:  BCF    03.5
09E3:  BTFSS  08.5
09E4:  GOTO   24A
....................       { 
....................          if( inp == 0 && out == 0) Komut_Gonder( '\f' ); 
09E5:  MOVF   2A,W
09E6:  MOVWF  3D
09E7:  MOVF   29,W
09E8:  MOVWF  3C
09E9:  MOVF   28,W
09EA:  MOVWF  3B
09EB:  MOVF   27,W
09EC:  MOVWF  3A
09ED:  CLRF   41
09EE:  CLRF   40
09EF:  CLRF   3F
09F0:  CLRF   3E
09F1:  BCF    0A.3
09F2:  CALL   06E
09F3:  BSF    0A.3
09F4:  BTFSS  03.2
09F5:  GOTO   20C
09F6:  MOVF   2E,W
09F7:  MOVWF  3D
09F8:  MOVF   2D,W
09F9:  MOVWF  3C
09FA:  MOVF   2C,W
09FB:  MOVWF  3B
09FC:  MOVF   2B,W
09FD:  MOVWF  3A
09FE:  CLRF   41
09FF:  CLRF   40
0A00:  CLRF   3F
0A01:  CLRF   3E
0A02:  BCF    0A.3
0A03:  CALL   06E
0A04:  BSF    0A.3
0A05:  BTFSS  03.2
0A06:  GOTO   20C
0A07:  MOVLW  0C
0A08:  MOVWF  3A
0A09:  BCF    0A.3
0A0A:  CALL   058
0A0B:  BSF    0A.3
....................          inp *=10;inp += 5; Komut_Gonder( '5' );delay_ms(250); 
0A0C:  MOVF   2A,W
0A0D:  MOVWF  3C
0A0E:  MOVF   29,W
0A0F:  MOVWF  3B
0A10:  MOVF   28,W
0A11:  MOVWF  3A
0A12:  MOVF   27,W
0A13:  MOVWF  39
0A14:  CLRF   40
0A15:  CLRF   3F
0A16:  MOVLW  20
0A17:  MOVWF  3E
0A18:  MOVLW  82
0A19:  MOVWF  3D
0A1A:  BCF    0A.3
0A1B:  CALL   0AD
0A1C:  BSF    0A.3
0A1D:  MOVF   7A,W
0A1E:  MOVWF  2A
0A1F:  MOVF   79,W
0A20:  MOVWF  29
0A21:  MOVF   78,W
0A22:  MOVWF  28
0A23:  MOVF   77,W
0A24:  MOVWF  27
0A25:  BCF    03.1
0A26:  MOVF   2A,W
0A27:  MOVWF  3C
0A28:  MOVF   29,W
0A29:  MOVWF  3B
0A2A:  MOVF   28,W
0A2B:  MOVWF  3A
0A2C:  MOVF   27,W
0A2D:  MOVWF  39
0A2E:  CLRF   40
0A2F:  CLRF   3F
0A30:  MOVLW  20
0A31:  MOVWF  3E
0A32:  MOVLW  81
0A33:  MOVWF  3D
0A34:  BCF    0A.3
0A35:  CALL   122
0A36:  BSF    0A.3
0A37:  MOVF   7A,W
0A38:  MOVWF  2A
0A39:  MOVF   79,W
0A3A:  MOVWF  29
0A3B:  MOVF   78,W
0A3C:  MOVWF  28
0A3D:  MOVF   77,W
0A3E:  MOVWF  27
0A3F:  MOVLW  35
0A40:  MOVWF  3A
0A41:  BCF    0A.3
0A42:  CALL   058
0A43:  BSF    0A.3
0A44:  MOVLW  FA
0A45:  MOVWF  3B
0A46:  BCF    0A.3
0A47:  CALL   044
0A48:  BSF    0A.3
....................       } 
0A49:  GOTO   2E2
....................       else if( input( SUTUN_3 ) )  // 6 
0A4A:  BSF    03.5
0A4B:  BSF    08.6
0A4C:  BCF    03.5
0A4D:  BTFSS  08.6
0A4E:  GOTO   2B4
....................       { 
....................          if( inp == 0 && out == 0) Komut_Gonder( '\f' );    
0A4F:  MOVF   2A,W
0A50:  MOVWF  3D
0A51:  MOVF   29,W
0A52:  MOVWF  3C
0A53:  MOVF   28,W
0A54:  MOVWF  3B
0A55:  MOVF   27,W
0A56:  MOVWF  3A
0A57:  CLRF   41
0A58:  CLRF   40
0A59:  CLRF   3F
0A5A:  CLRF   3E
0A5B:  BCF    0A.3
0A5C:  CALL   06E
0A5D:  BSF    0A.3
0A5E:  BTFSS  03.2
0A5F:  GOTO   276
0A60:  MOVF   2E,W
0A61:  MOVWF  3D
0A62:  MOVF   2D,W
0A63:  MOVWF  3C
0A64:  MOVF   2C,W
0A65:  MOVWF  3B
0A66:  MOVF   2B,W
0A67:  MOVWF  3A
0A68:  CLRF   41
0A69:  CLRF   40
0A6A:  CLRF   3F
0A6B:  CLRF   3E
0A6C:  BCF    0A.3
0A6D:  CALL   06E
0A6E:  BSF    0A.3
0A6F:  BTFSS  03.2
0A70:  GOTO   276
0A71:  MOVLW  0C
0A72:  MOVWF  3A
0A73:  BCF    0A.3
0A74:  CALL   058
0A75:  BSF    0A.3
....................          inp *=10;inp += 6;Komut_Gonder( '6' );delay_ms(250); 
0A76:  MOVF   2A,W
0A77:  MOVWF  3C
0A78:  MOVF   29,W
0A79:  MOVWF  3B
0A7A:  MOVF   28,W
0A7B:  MOVWF  3A
0A7C:  MOVF   27,W
0A7D:  MOVWF  39
0A7E:  CLRF   40
0A7F:  CLRF   3F
0A80:  MOVLW  20
0A81:  MOVWF  3E
0A82:  MOVLW  82
0A83:  MOVWF  3D
0A84:  BCF    0A.3
0A85:  CALL   0AD
0A86:  BSF    0A.3
0A87:  MOVF   7A,W
0A88:  MOVWF  2A
0A89:  MOVF   79,W
0A8A:  MOVWF  29
0A8B:  MOVF   78,W
0A8C:  MOVWF  28
0A8D:  MOVF   77,W
0A8E:  MOVWF  27
0A8F:  BCF    03.1
0A90:  MOVF   2A,W
0A91:  MOVWF  3C
0A92:  MOVF   29,W
0A93:  MOVWF  3B
0A94:  MOVF   28,W
0A95:  MOVWF  3A
0A96:  MOVF   27,W
0A97:  MOVWF  39
0A98:  CLRF   40
0A99:  CLRF   3F
0A9A:  MOVLW  40
0A9B:  MOVWF  3E
0A9C:  MOVLW  81
0A9D:  MOVWF  3D
0A9E:  BCF    0A.3
0A9F:  CALL   122
0AA0:  BSF    0A.3
0AA1:  MOVF   7A,W
0AA2:  MOVWF  2A
0AA3:  MOVF   79,W
0AA4:  MOVWF  29
0AA5:  MOVF   78,W
0AA6:  MOVWF  28
0AA7:  MOVF   77,W
0AA8:  MOVWF  27
0AA9:  MOVLW  36
0AAA:  MOVWF  3A
0AAB:  BCF    0A.3
0AAC:  CALL   058
0AAD:  BSF    0A.3
0AAE:  MOVLW  FA
0AAF:  MOVWF  3B
0AB0:  BCF    0A.3
0AB1:  CALL   044
0AB2:  BSF    0A.3
....................       } 
0AB3:  GOTO   2E2
....................        
....................       else if( input( SUTUN_4 ) )// x 
0AB4:  BSF    03.5
0AB5:  BSF    08.7
0AB6:  BCF    03.5
0AB7:  BTFSS  08.7
0AB8:  GOTO   2E2
....................       { 
....................          islem = '*'; 
0AB9:  MOVLW  2A
0ABA:  MOVWF  2F
....................          if ( out == 0 ){out = inp; inp = 0;} 
0ABB:  MOVF   2E,W
0ABC:  MOVWF  3D
0ABD:  MOVF   2D,W
0ABE:  MOVWF  3C
0ABF:  MOVF   2C,W
0AC0:  MOVWF  3B
0AC1:  MOVF   2B,W
0AC2:  MOVWF  3A
0AC3:  CLRF   41
0AC4:  CLRF   40
0AC5:  CLRF   3F
0AC6:  CLRF   3E
0AC7:  BCF    0A.3
0AC8:  CALL   06E
0AC9:  BSF    0A.3
0ACA:  BTFSS  03.2
0ACB:  GOTO   2D8
0ACC:  MOVF   2A,W
0ACD:  MOVWF  2E
0ACE:  MOVF   29,W
0ACF:  MOVWF  2D
0AD0:  MOVF   28,W
0AD1:  MOVWF  2C
0AD2:  MOVF   27,W
0AD3:  MOVWF  2B
0AD4:  CLRF   2A
0AD5:  CLRF   29
0AD6:  CLRF   28
0AD7:  CLRF   27
....................          Komut_Gonder( '*' );delay_ms(250); 
0AD8:  MOVLW  2A
0AD9:  MOVWF  3A
0ADA:  BCF    0A.3
0ADB:  CALL   058
0ADC:  BSF    0A.3
0ADD:  MOVLW  FA
0ADE:  MOVWF  3B
0ADF:  BCF    0A.3
0AE0:  CALL   044
0AE1:  BSF    0A.3
....................       } 
....................       output_low( SATIR_2 ); 
0AE2:  BSF    03.5
0AE3:  BCF    08.1
0AE4:  BCF    03.5
0AE5:  BCF    08.1
....................  
....................       //SATIR 3 -> 1, 2, 3, - 
....................       output_high( SATIR_3 ); 
0AE6:  BSF    03.5
0AE7:  BCF    08.2
0AE8:  BCF    03.5
0AE9:  BSF    08.2
....................       if( input( SUTUN_1 ) )// 1 
0AEA:  BSF    03.5
0AEB:  BSF    08.4
0AEC:  BCF    03.5
0AED:  BTFSS  08.4
0AEE:  GOTO   353
....................       { 
....................          if( inp == 0 && out == 0)Komut_Gonder( '\f' );    
0AEF:  MOVF   2A,W
0AF0:  MOVWF  3D
0AF1:  MOVF   29,W
0AF2:  MOVWF  3C
0AF3:  MOVF   28,W
0AF4:  MOVWF  3B
0AF5:  MOVF   27,W
0AF6:  MOVWF  3A
0AF7:  CLRF   41
0AF8:  CLRF   40
0AF9:  CLRF   3F
0AFA:  CLRF   3E
0AFB:  BCF    0A.3
0AFC:  CALL   06E
0AFD:  BSF    0A.3
0AFE:  BTFSS  03.2
0AFF:  GOTO   316
0B00:  MOVF   2E,W
0B01:  MOVWF  3D
0B02:  MOVF   2D,W
0B03:  MOVWF  3C
0B04:  MOVF   2C,W
0B05:  MOVWF  3B
0B06:  MOVF   2B,W
0B07:  MOVWF  3A
0B08:  CLRF   41
0B09:  CLRF   40
0B0A:  CLRF   3F
0B0B:  CLRF   3E
0B0C:  BCF    0A.3
0B0D:  CALL   06E
0B0E:  BSF    0A.3
0B0F:  BTFSS  03.2
0B10:  GOTO   316
0B11:  MOVLW  0C
0B12:  MOVWF  3A
0B13:  BCF    0A.3
0B14:  CALL   058
0B15:  BSF    0A.3
....................          inp *=10;inp += 1;Komut_Gonder( '1' );delay_ms(250); 
0B16:  MOVF   2A,W
0B17:  MOVWF  3C
0B18:  MOVF   29,W
0B19:  MOVWF  3B
0B1A:  MOVF   28,W
0B1B:  MOVWF  3A
0B1C:  MOVF   27,W
0B1D:  MOVWF  39
0B1E:  CLRF   40
0B1F:  CLRF   3F
0B20:  MOVLW  20
0B21:  MOVWF  3E
0B22:  MOVLW  82
0B23:  MOVWF  3D
0B24:  BCF    0A.3
0B25:  CALL   0AD
0B26:  BSF    0A.3
0B27:  MOVF   7A,W
0B28:  MOVWF  2A
0B29:  MOVF   79,W
0B2A:  MOVWF  29
0B2B:  MOVF   78,W
0B2C:  MOVWF  28
0B2D:  MOVF   77,W
0B2E:  MOVWF  27
0B2F:  BCF    03.1
0B30:  MOVF   2A,W
0B31:  MOVWF  3C
0B32:  MOVF   29,W
0B33:  MOVWF  3B
0B34:  MOVF   28,W
0B35:  MOVWF  3A
0B36:  MOVF   27,W
0B37:  MOVWF  39
0B38:  CLRF   40
0B39:  CLRF   3F
0B3A:  CLRF   3E
0B3B:  MOVLW  7F
0B3C:  MOVWF  3D
0B3D:  BCF    0A.3
0B3E:  CALL   122
0B3F:  BSF    0A.3
0B40:  MOVF   7A,W
0B41:  MOVWF  2A
0B42:  MOVF   79,W
0B43:  MOVWF  29
0B44:  MOVF   78,W
0B45:  MOVWF  28
0B46:  MOVF   77,W
0B47:  MOVWF  27
0B48:  MOVLW  31
0B49:  MOVWF  3A
0B4A:  BCF    0A.3
0B4B:  CALL   058
0B4C:  BSF    0A.3
0B4D:  MOVLW  FA
0B4E:  MOVWF  3B
0B4F:  BCF    0A.3
0B50:  CALL   044
0B51:  BSF    0A.3
....................       } 
0B52:  GOTO   454
....................       else if( input( SUTUN_2 ) ) // 2 
0B53:  BSF    03.5
0B54:  BSF    08.5
0B55:  BCF    03.5
0B56:  BTFSS  08.5
0B57:  GOTO   3BC
....................       { 
....................          if( inp == 0 && out == 0) Komut_Gonder( '\f' );   
0B58:  MOVF   2A,W
0B59:  MOVWF  3D
0B5A:  MOVF   29,W
0B5B:  MOVWF  3C
0B5C:  MOVF   28,W
0B5D:  MOVWF  3B
0B5E:  MOVF   27,W
0B5F:  MOVWF  3A
0B60:  CLRF   41
0B61:  CLRF   40
0B62:  CLRF   3F
0B63:  CLRF   3E
0B64:  BCF    0A.3
0B65:  CALL   06E
0B66:  BSF    0A.3
0B67:  BTFSS  03.2
0B68:  GOTO   37F
0B69:  MOVF   2E,W
0B6A:  MOVWF  3D
0B6B:  MOVF   2D,W
0B6C:  MOVWF  3C
0B6D:  MOVF   2C,W
0B6E:  MOVWF  3B
0B6F:  MOVF   2B,W
0B70:  MOVWF  3A
0B71:  CLRF   41
0B72:  CLRF   40
0B73:  CLRF   3F
0B74:  CLRF   3E
0B75:  BCF    0A.3
0B76:  CALL   06E
0B77:  BSF    0A.3
0B78:  BTFSS  03.2
0B79:  GOTO   37F
0B7A:  MOVLW  0C
0B7B:  MOVWF  3A
0B7C:  BCF    0A.3
0B7D:  CALL   058
0B7E:  BSF    0A.3
....................          inp *=10;inp += 2;Komut_Gonder( '2' );delay_ms(250); 
0B7F:  MOVF   2A,W
0B80:  MOVWF  3C
0B81:  MOVF   29,W
0B82:  MOVWF  3B
0B83:  MOVF   28,W
0B84:  MOVWF  3A
0B85:  MOVF   27,W
0B86:  MOVWF  39
0B87:  CLRF   40
0B88:  CLRF   3F
0B89:  MOVLW  20
0B8A:  MOVWF  3E
0B8B:  MOVLW  82
0B8C:  MOVWF  3D
0B8D:  BCF    0A.3
0B8E:  CALL   0AD
0B8F:  BSF    0A.3
0B90:  MOVF   7A,W
0B91:  MOVWF  2A
0B92:  MOVF   79,W
0B93:  MOVWF  29
0B94:  MOVF   78,W
0B95:  MOVWF  28
0B96:  MOVF   77,W
0B97:  MOVWF  27
0B98:  BCF    03.1
0B99:  MOVF   2A,W
0B9A:  MOVWF  3C
0B9B:  MOVF   29,W
0B9C:  MOVWF  3B
0B9D:  MOVF   28,W
0B9E:  MOVWF  3A
0B9F:  MOVF   27,W
0BA0:  MOVWF  39
0BA1:  CLRF   40
0BA2:  CLRF   3F
0BA3:  CLRF   3E
0BA4:  MOVLW  80
0BA5:  MOVWF  3D
0BA6:  BCF    0A.3
0BA7:  CALL   122
0BA8:  BSF    0A.3
0BA9:  MOVF   7A,W
0BAA:  MOVWF  2A
0BAB:  MOVF   79,W
0BAC:  MOVWF  29
0BAD:  MOVF   78,W
0BAE:  MOVWF  28
0BAF:  MOVF   77,W
0BB0:  MOVWF  27
0BB1:  MOVLW  32
0BB2:  MOVWF  3A
0BB3:  BCF    0A.3
0BB4:  CALL   058
0BB5:  BSF    0A.3
0BB6:  MOVLW  FA
0BB7:  MOVWF  3B
0BB8:  BCF    0A.3
0BB9:  CALL   044
0BBA:  BSF    0A.3
....................       } 
0BBB:  GOTO   454
....................       else if( input( SUTUN_3 ) ) // 3 
0BBC:  BSF    03.5
0BBD:  BSF    08.6
0BBE:  BCF    03.5
0BBF:  BTFSS  08.6
0BC0:  GOTO   426
....................       { 
....................          if( inp == 0 && out == 0)Komut_Gonder( '\f' );   
0BC1:  MOVF   2A,W
0BC2:  MOVWF  3D
0BC3:  MOVF   29,W
0BC4:  MOVWF  3C
0BC5:  MOVF   28,W
0BC6:  MOVWF  3B
0BC7:  MOVF   27,W
0BC8:  MOVWF  3A
0BC9:  CLRF   41
0BCA:  CLRF   40
0BCB:  CLRF   3F
0BCC:  CLRF   3E
0BCD:  BCF    0A.3
0BCE:  CALL   06E
0BCF:  BSF    0A.3
0BD0:  BTFSS  03.2
0BD1:  GOTO   3E8
0BD2:  MOVF   2E,W
0BD3:  MOVWF  3D
0BD4:  MOVF   2D,W
0BD5:  MOVWF  3C
0BD6:  MOVF   2C,W
0BD7:  MOVWF  3B
0BD8:  MOVF   2B,W
0BD9:  MOVWF  3A
0BDA:  CLRF   41
0BDB:  CLRF   40
0BDC:  CLRF   3F
0BDD:  CLRF   3E
0BDE:  BCF    0A.3
0BDF:  CALL   06E
0BE0:  BSF    0A.3
0BE1:  BTFSS  03.2
0BE2:  GOTO   3E8
0BE3:  MOVLW  0C
0BE4:  MOVWF  3A
0BE5:  BCF    0A.3
0BE6:  CALL   058
0BE7:  BSF    0A.3
....................          inp *=10;inp += 3; Komut_Gonder( '3' );delay_ms(250); 
0BE8:  MOVF   2A,W
0BE9:  MOVWF  3C
0BEA:  MOVF   29,W
0BEB:  MOVWF  3B
0BEC:  MOVF   28,W
0BED:  MOVWF  3A
0BEE:  MOVF   27,W
0BEF:  MOVWF  39
0BF0:  CLRF   40
0BF1:  CLRF   3F
0BF2:  MOVLW  20
0BF3:  MOVWF  3E
0BF4:  MOVLW  82
0BF5:  MOVWF  3D
0BF6:  BCF    0A.3
0BF7:  CALL   0AD
0BF8:  BSF    0A.3
0BF9:  MOVF   7A,W
0BFA:  MOVWF  2A
0BFB:  MOVF   79,W
0BFC:  MOVWF  29
0BFD:  MOVF   78,W
0BFE:  MOVWF  28
0BFF:  MOVF   77,W
0C00:  MOVWF  27
0C01:  BCF    03.1
0C02:  MOVF   2A,W
0C03:  MOVWF  3C
0C04:  MOVF   29,W
0C05:  MOVWF  3B
0C06:  MOVF   28,W
0C07:  MOVWF  3A
0C08:  MOVF   27,W
0C09:  MOVWF  39
0C0A:  CLRF   40
0C0B:  CLRF   3F
0C0C:  MOVLW  40
0C0D:  MOVWF  3E
0C0E:  MOVLW  80
0C0F:  MOVWF  3D
0C10:  BCF    0A.3
0C11:  CALL   122
0C12:  BSF    0A.3
0C13:  MOVF   7A,W
0C14:  MOVWF  2A
0C15:  MOVF   79,W
0C16:  MOVWF  29
0C17:  MOVF   78,W
0C18:  MOVWF  28
0C19:  MOVF   77,W
0C1A:  MOVWF  27
0C1B:  MOVLW  33
0C1C:  MOVWF  3A
0C1D:  BCF    0A.3
0C1E:  CALL   058
0C1F:  BSF    0A.3
0C20:  MOVLW  FA
0C21:  MOVWF  3B
0C22:  BCF    0A.3
0C23:  CALL   044
0C24:  BSF    0A.3
....................       } 
0C25:  GOTO   454
....................       else if( input( SUTUN_4 ) )// - 
0C26:  BSF    03.5
0C27:  BSF    08.7
0C28:  BCF    03.5
0C29:  BTFSS  08.7
0C2A:  GOTO   454
....................       { 
....................          islem = '-'; 
0C2B:  MOVLW  2D
0C2C:  MOVWF  2F
....................          if ( out == 0 ){out = inp;inp = 0;} 
0C2D:  MOVF   2E,W
0C2E:  MOVWF  3D
0C2F:  MOVF   2D,W
0C30:  MOVWF  3C
0C31:  MOVF   2C,W
0C32:  MOVWF  3B
0C33:  MOVF   2B,W
0C34:  MOVWF  3A
0C35:  CLRF   41
0C36:  CLRF   40
0C37:  CLRF   3F
0C38:  CLRF   3E
0C39:  BCF    0A.3
0C3A:  CALL   06E
0C3B:  BSF    0A.3
0C3C:  BTFSS  03.2
0C3D:  GOTO   44A
0C3E:  MOVF   2A,W
0C3F:  MOVWF  2E
0C40:  MOVF   29,W
0C41:  MOVWF  2D
0C42:  MOVF   28,W
0C43:  MOVWF  2C
0C44:  MOVF   27,W
0C45:  MOVWF  2B
0C46:  CLRF   2A
0C47:  CLRF   29
0C48:  CLRF   28
0C49:  CLRF   27
....................          Komut_Gonder( '-' );delay_ms(250); 
0C4A:  MOVLW  2D
0C4B:  MOVWF  3A
0C4C:  BCF    0A.3
0C4D:  CALL   058
0C4E:  BSF    0A.3
0C4F:  MOVLW  FA
0C50:  MOVWF  3B
0C51:  BCF    0A.3
0C52:  CALL   044
0C53:  BSF    0A.3
....................       } 
....................       output_low( SATIR_3 ); 
0C54:  BSF    03.5
0C55:  BCF    08.2
0C56:  BCF    03.5
0C57:  BCF    08.2
....................  
....................       //SATIR 4 -> ON/C, 0, =, + 
....................       output_high( SATIR_4 ); 
0C58:  BSF    03.5
0C59:  BCF    08.3
0C5A:  BCF    03.5
0C5B:  BSF    08.3
....................       if( input( SUTUN_1 ) )// ON/C 
0C5C:  BSF    03.5
0C5D:  BSF    08.4
0C5E:  BCF    03.5
0C5F:  BTFSS  08.4
0C60:  GOTO   478
....................       { // Input ve Output degerlerini sifirladim 
....................          inp = 0;out = 0; 
0C61:  CLRF   2A
0C62:  CLRF   29
0C63:  CLRF   28
0C64:  CLRF   27
0C65:  CLRF   2E
0C66:  CLRF   2D
0C67:  CLRF   2C
0C68:  CLRF   2B
....................          Komut_Gonder( '\f' );Komut_Gonder( '0' );delay_ms(250); 
0C69:  MOVLW  0C
0C6A:  MOVWF  3A
0C6B:  BCF    0A.3
0C6C:  CALL   058
0C6D:  BSF    0A.3
0C6E:  MOVLW  30
0C6F:  MOVWF  3A
0C70:  BCF    0A.3
0C71:  CALL   058
0C72:  BSF    0A.3
0C73:  MOVLW  FA
0C74:  MOVWF  3B
0C75:  BCF    0A.3
0C76:  CALL   044
0C77:  BSF    0A.3
....................       } 
....................       if( input( SUTUN_2 ) )// 0 
0C78:  BSF    03.5
0C79:  BSF    08.5
0C7A:  BCF    03.5
0C7B:  BTFSS  08.5
0C7C:  GOTO   4C8
....................       { 
....................          if( inp == 0 && out == 0)Komut_Gonder( '\f' );    
0C7D:  MOVF   2A,W
0C7E:  MOVWF  3D
0C7F:  MOVF   29,W
0C80:  MOVWF  3C
0C81:  MOVF   28,W
0C82:  MOVWF  3B
0C83:  MOVF   27,W
0C84:  MOVWF  3A
0C85:  CLRF   41
0C86:  CLRF   40
0C87:  CLRF   3F
0C88:  CLRF   3E
0C89:  BCF    0A.3
0C8A:  CALL   06E
0C8B:  BSF    0A.3
0C8C:  BTFSS  03.2
0C8D:  GOTO   4A4
0C8E:  MOVF   2E,W
0C8F:  MOVWF  3D
0C90:  MOVF   2D,W
0C91:  MOVWF  3C
0C92:  MOVF   2C,W
0C93:  MOVWF  3B
0C94:  MOVF   2B,W
0C95:  MOVWF  3A
0C96:  CLRF   41
0C97:  CLRF   40
0C98:  CLRF   3F
0C99:  CLRF   3E
0C9A:  BCF    0A.3
0C9B:  CALL   06E
0C9C:  BSF    0A.3
0C9D:  BTFSS  03.2
0C9E:  GOTO   4A4
0C9F:  MOVLW  0C
0CA0:  MOVWF  3A
0CA1:  BCF    0A.3
0CA2:  CALL   058
0CA3:  BSF    0A.3
....................          inp *=10;Komut_Gonder( '0' );delay_ms(250); 
0CA4:  MOVF   2A,W
0CA5:  MOVWF  3C
0CA6:  MOVF   29,W
0CA7:  MOVWF  3B
0CA8:  MOVF   28,W
0CA9:  MOVWF  3A
0CAA:  MOVF   27,W
0CAB:  MOVWF  39
0CAC:  CLRF   40
0CAD:  CLRF   3F
0CAE:  MOVLW  20
0CAF:  MOVWF  3E
0CB0:  MOVLW  82
0CB1:  MOVWF  3D
0CB2:  BCF    0A.3
0CB3:  CALL   0AD
0CB4:  BSF    0A.3
0CB5:  MOVF   7A,W
0CB6:  MOVWF  2A
0CB7:  MOVF   79,W
0CB8:  MOVWF  29
0CB9:  MOVF   78,W
0CBA:  MOVWF  28
0CBB:  MOVF   77,W
0CBC:  MOVWF  27
0CBD:  MOVLW  30
0CBE:  MOVWF  3A
0CBF:  BCF    0A.3
0CC0:  CALL   058
0CC1:  BSF    0A.3
0CC2:  MOVLW  FA
0CC3:  MOVWF  3B
0CC4:  BCF    0A.3
0CC5:  CALL   044
0CC6:  BSF    0A.3
....................       } 
0CC7:  GOTO   6D0
....................       else if( input( SUTUN_3 ) )// = 
0CC8:  BSF    03.5
0CC9:  BSF    08.6
0CCA:  BCF    03.5
0CCB:  BTFSS  08.6
0CCC:  GOTO   69E
....................       { 
....................          Komut_Gonder( '\f' ); 
0CCD:  MOVLW  0C
0CCE:  MOVWF  3A
0CCF:  BCF    0A.3
0CD0:  CALL   058
0CD1:  BSF    0A.3
....................          Hesap();delay_ms(250); 
*
0E98:  MOVLW  FA
0E99:  MOVWF  3B
0E9A:  BCF    0A.3
0E9B:  CALL   044
0E9C:  BSF    0A.3
....................       } 
0E9D:  GOTO   6D0
....................       else if( input( SUTUN_4 ) )// + 
0E9E:  BSF    03.5
0E9F:  BSF    08.7
0EA0:  BCF    03.5
0EA1:  BTFSS  08.7
0EA2:  GOTO   6D0
....................       { 
....................          islem = '+'; 
0EA3:  MOVLW  2B
0EA4:  MOVWF  2F
....................          if ( out == 0 ){out = inp;inp = 0;} 
0EA5:  MOVF   2E,W
0EA6:  MOVWF  3D
0EA7:  MOVF   2D,W
0EA8:  MOVWF  3C
0EA9:  MOVF   2C,W
0EAA:  MOVWF  3B
0EAB:  MOVF   2B,W
0EAC:  MOVWF  3A
0EAD:  CLRF   41
0EAE:  CLRF   40
0EAF:  CLRF   3F
0EB0:  CLRF   3E
0EB1:  BCF    0A.3
0EB2:  CALL   06E
0EB3:  BSF    0A.3
0EB4:  BTFSS  03.2
0EB5:  GOTO   6C2
0EB6:  MOVF   2A,W
0EB7:  MOVWF  2E
0EB8:  MOVF   29,W
0EB9:  MOVWF  2D
0EBA:  MOVF   28,W
0EBB:  MOVWF  2C
0EBC:  MOVF   27,W
0EBD:  MOVWF  2B
0EBE:  CLRF   2A
0EBF:  CLRF   29
0EC0:  CLRF   28
0EC1:  CLRF   27
....................          inp = 0;Komut_Gonder( '+' );delay_ms(250); 
0EC2:  CLRF   2A
0EC3:  CLRF   29
0EC4:  CLRF   28
0EC5:  CLRF   27
0EC6:  MOVLW  2B
0EC7:  MOVWF  3A
0EC8:  BCF    0A.3
0EC9:  CALL   058
0ECA:  BSF    0A.3
0ECB:  MOVLW  FA
0ECC:  MOVWF  3B
0ECD:  BCF    0A.3
0ECE:  CALL   044
0ECF:  BSF    0A.3
....................       } 
....................       output_low( SATIR_4 ); 
0ED0:  BSF    03.5
0ED1:  BCF    08.3
0ED2:  BCF    03.5
0ED3:  BCF    08.3
0ED4:  BCF    0A.3
0ED5:  BCF    0A.4
0ED6:  GOTO   3E3 (RETURN)
.................... } 
....................  
.................... void Hesap() 
.................... { 
....................    switch(islem) 
*
0CD2:  MOVF   2F,W
0CD3:  XORLW  2B
0CD4:  BTFSC  03.2
0CD5:  GOTO   4E0
0CD6:  XORLW  06
0CD7:  BTFSC  03.2
0CD8:  GOTO   4FD
0CD9:  XORLW  07
0CDA:  BTFSC  03.2
0CDB:  GOTO   51A
0CDC:  XORLW  05
0CDD:  BTFSC  03.2
0CDE:  GOTO   536
0CDF:  GOTO   552
....................    { 
....................       case '+': out += inp; break; 
0CE0:  BCF    03.1
0CE1:  MOVF   2E,W
0CE2:  MOVWF  3C
0CE3:  MOVF   2D,W
0CE4:  MOVWF  3B
0CE5:  MOVF   2C,W
0CE6:  MOVWF  3A
0CE7:  MOVF   2B,W
0CE8:  MOVWF  39
0CE9:  MOVF   2A,W
0CEA:  MOVWF  40
0CEB:  MOVF   29,W
0CEC:  MOVWF  3F
0CED:  MOVF   28,W
0CEE:  MOVWF  3E
0CEF:  MOVF   27,W
0CF0:  MOVWF  3D
0CF1:  BCF    0A.3
0CF2:  CALL   122
0CF3:  BSF    0A.3
0CF4:  MOVF   7A,W
0CF5:  MOVWF  2E
0CF6:  MOVF   79,W
0CF7:  MOVWF  2D
0CF8:  MOVF   78,W
0CF9:  MOVWF  2C
0CFA:  MOVF   77,W
0CFB:  MOVWF  2B
0CFC:  GOTO   552
....................       case '-': out -= inp; break; 
0CFD:  BSF    03.1
0CFE:  MOVF   2E,W
0CFF:  MOVWF  3C
0D00:  MOVF   2D,W
0D01:  MOVWF  3B
0D02:  MOVF   2C,W
0D03:  MOVWF  3A
0D04:  MOVF   2B,W
0D05:  MOVWF  39
0D06:  MOVF   2A,W
0D07:  MOVWF  40
0D08:  MOVF   29,W
0D09:  MOVWF  3F
0D0A:  MOVF   28,W
0D0B:  MOVWF  3E
0D0C:  MOVF   27,W
0D0D:  MOVWF  3D
0D0E:  BCF    0A.3
0D0F:  CALL   122
0D10:  BSF    0A.3
0D11:  MOVF   7A,W
0D12:  MOVWF  2E
0D13:  MOVF   79,W
0D14:  MOVWF  2D
0D15:  MOVF   78,W
0D16:  MOVWF  2C
0D17:  MOVF   77,W
0D18:  MOVWF  2B
0D19:  GOTO   552
....................       case '*': out *= inp; break; 
0D1A:  MOVF   2E,W
0D1B:  MOVWF  3C
0D1C:  MOVF   2D,W
0D1D:  MOVWF  3B
0D1E:  MOVF   2C,W
0D1F:  MOVWF  3A
0D20:  MOVF   2B,W
0D21:  MOVWF  39
0D22:  MOVF   2A,W
0D23:  MOVWF  40
0D24:  MOVF   29,W
0D25:  MOVWF  3F
0D26:  MOVF   28,W
0D27:  MOVWF  3E
0D28:  MOVF   27,W
0D29:  MOVWF  3D
0D2A:  BCF    0A.3
0D2B:  CALL   0AD
0D2C:  BSF    0A.3
0D2D:  MOVF   7A,W
0D2E:  MOVWF  2E
0D2F:  MOVF   79,W
0D30:  MOVWF  2D
0D31:  MOVF   78,W
0D32:  MOVWF  2C
0D33:  MOVF   77,W
0D34:  MOVWF  2B
0D35:  GOTO   552
....................       case '/': out /= inp; break; 
0D36:  MOVF   2E,W
0D37:  MOVWF  3C
0D38:  MOVF   2D,W
0D39:  MOVWF  3B
0D3A:  MOVF   2C,W
0D3B:  MOVWF  3A
0D3C:  MOVF   2B,W
0D3D:  MOVWF  39
0D3E:  MOVF   2A,W
0D3F:  MOVWF  40
0D40:  MOVF   29,W
0D41:  MOVWF  3F
0D42:  MOVF   28,W
0D43:  MOVWF  3E
0D44:  MOVF   27,W
0D45:  MOVWF  3D
0D46:  BCF    0A.3
0D47:  CALL   263
0D48:  BSF    0A.3
0D49:  MOVF   7A,W
0D4A:  MOVWF  2E
0D4B:  MOVF   79,W
0D4C:  MOVWF  2D
0D4D:  MOVF   78,W
0D4E:  MOVWF  2C
0D4F:  MOVF   77,W
0D50:  MOVWF  2B
0D51:  GOTO   552
....................       default: break; 
....................    } 
....................    inp = 0; 
0D52:  CLRF   2A
0D53:  CLRF   29
0D54:  CLRF   28
0D55:  CLRF   27
....................    int sonuc = 0; 
....................    int basamak = 1; 
0D56:  CLRF   33
0D57:  MOVLW  01
0D58:  MOVWF  34
....................    // Ilk olarak gelen sayinin kac basamakli oldugunu buldum 
....................    while( basamak * 10 <= out) 
0D59:  MOVF   34,W
0D5A:  MOVWF  39
0D5B:  MOVLW  0A
0D5C:  MOVWF  3A
0D5D:  BCF    0A.3
0D5E:  CALL   32D
0D5F:  BSF    0A.3
0D60:  CLRF   3B
0D61:  MOVF   78,W
0D62:  MOVWF  3A
0D63:  BCF    0A.3
0D64:  CALL   352
0D65:  BSF    0A.3
0D66:  MOVF   7A,W
0D67:  MOVWF  3D
0D68:  MOVF   79,W
0D69:  MOVWF  3C
0D6A:  MOVF   78,W
0D6B:  MOVWF  3B
0D6C:  MOVF   77,W
0D6D:  MOVWF  3A
0D6E:  MOVF   2E,W
0D6F:  MOVWF  41
0D70:  MOVF   2D,W
0D71:  MOVWF  40
0D72:  MOVF   2C,W
0D73:  MOVWF  3F
0D74:  MOVF   2B,W
0D75:  MOVWF  3E
0D76:  BCF    0A.3
0D77:  CALL   06E
0D78:  BSF    0A.3
0D79:  BTFSC  03.0
0D7A:  GOTO   57D
0D7B:  BTFSS  03.2
0D7C:  GOTO   587
....................       basamak *= 10; 
0D7D:  MOVF   34,W
0D7E:  MOVWF  39
0D7F:  MOVLW  0A
0D80:  MOVWF  3A
0D81:  BCF    0A.3
0D82:  CALL   32D
0D83:  BSF    0A.3
0D84:  MOVF   78,W
0D85:  MOVWF  34
0D86:  GOTO   559
....................    //Tek tek basamak dusecegim icin gecici double degiskenini olusturdum 
....................    double temp = out; 
0D87:  MOVF   2E,W
0D88:  MOVWF  38
0D89:  MOVF   2D,W
0D8A:  MOVWF  37
0D8B:  MOVF   2C,W
0D8C:  MOVWF  36
0D8D:  MOVF   2B,W
0D8E:  MOVWF  35
....................    // En soldan saga dogru rakam rakam almaya basladim 
....................    while( basamak >= 1 ) 
0D8F:  MOVF   34,W
0D90:  SUBLW  00
0D91:  BTFSC  03.0
0D92:  GOTO   604
....................    { 
....................       sonuc = temp / basamak; 
0D93:  CLRF   3B
0D94:  MOVF   34,W
0D95:  MOVWF  3A
0D96:  BCF    0A.3
0D97:  CALL   352
0D98:  BSF    0A.3
0D99:  MOVF   38,W
0D9A:  MOVWF  3C
0D9B:  MOVF   37,W
0D9C:  MOVWF  3B
0D9D:  MOVF   36,W
0D9E:  MOVWF  3A
0D9F:  MOVF   35,W
0DA0:  MOVWF  39
0DA1:  MOVF   7A,W
0DA2:  MOVWF  40
0DA3:  MOVF   79,W
0DA4:  MOVWF  3F
0DA5:  MOVF   78,W
0DA6:  MOVWF  3E
0DA7:  MOVF   77,W
0DA8:  MOVWF  3D
0DA9:  BCF    0A.3
0DAA:  CALL   263
0DAB:  BSF    0A.3
0DAC:  MOVF   7A,W
0DAD:  MOVWF  3C
0DAE:  MOVF   79,W
0DAF:  MOVWF  3B
0DB0:  MOVF   78,W
0DB1:  MOVWF  3A
0DB2:  MOVF   77,W
0DB3:  MOVWF  39
0DB4:  BCF    0A.3
0DB5:  CALL   36F
0DB6:  BSF    0A.3
0DB7:  MOVF   78,W
0DB8:  MOVWF  33
....................       temp -= basamak * sonuc; 
0DB9:  MOVF   34,W
0DBA:  MOVWF  39
0DBB:  MOVF   33,W
0DBC:  MOVWF  3A
0DBD:  BCF    0A.3
0DBE:  CALL   32D
0DBF:  BSF    0A.3
0DC0:  MOVF   78,W
0DC1:  CLRF   3B
0DC2:  MOVWF  3A
0DC3:  BCF    0A.3
0DC4:  CALL   352
0DC5:  BSF    0A.3
0DC6:  BSF    03.1
0DC7:  MOVF   38,W
0DC8:  MOVWF  3C
0DC9:  MOVF   37,W
0DCA:  MOVWF  3B
0DCB:  MOVF   36,W
0DCC:  MOVWF  3A
0DCD:  MOVF   35,W
0DCE:  MOVWF  39
0DCF:  MOVF   7A,W
0DD0:  MOVWF  40
0DD1:  MOVF   79,W
0DD2:  MOVWF  3F
0DD3:  MOVF   78,W
0DD4:  MOVWF  3E
0DD5:  MOVF   77,W
0DD6:  MOVWF  3D
0DD7:  BCF    0A.3
0DD8:  CALL   122
0DD9:  BSF    0A.3
0DDA:  MOVF   7A,W
0DDB:  MOVWF  38
0DDC:  MOVF   79,W
0DDD:  MOVWF  37
0DDE:  MOVF   78,W
0DDF:  MOVWF  36
0DE0:  MOVF   77,W
0DE1:  MOVWF  35
....................       // Int sayiyi char olarak gondermek icin '0' ekledim 
....................       Komut_Gonder( sonuc + '0' ); 
0DE2:  MOVLW  30
0DE3:  ADDWF  33,W
0DE4:  MOVWF  39
0DE5:  MOVWF  3A
0DE6:  BCF    0A.3
0DE7:  CALL   058
0DE8:  BSF    0A.3
....................        
....................       basamak /= 10; 
0DE9:  MOVF   34,W
0DEA:  MOVWF  39
0DEB:  MOVLW  0A
0DEC:  MOVWF  3A
*
0E01:  MOVF   78,W
0E02:  MOVWF  34
0E03:  GOTO   58F
....................    } 
....................    // Eger bolme islemi ise 
....................    if ( islem == '/' ) 
0E04:  MOVF   2F,W
0E05:  SUBLW  2F
0E06:  BTFSS  03.2
0E07:  GOTO   698
....................    { 
....................       // Virgulu gonderdim 
....................       Komut_Gonder( ',' ); 
0E08:  MOVLW  2C
0E09:  MOVWF  3A
0E0A:  BCF    0A.3
0E0B:  CALL   058
0E0C:  BSF    0A.3
....................       // Virgulden sonra 2 basamak almak icin 100 ile carptim 
....................       temp *= 100; 
0E0D:  MOVF   38,W
0E0E:  MOVWF  3C
0E0F:  MOVF   37,W
0E10:  MOVWF  3B
0E11:  MOVF   36,W
0E12:  MOVWF  3A
0E13:  MOVF   35,W
0E14:  MOVWF  39
0E15:  CLRF   40
0E16:  CLRF   3F
0E17:  MOVLW  48
0E18:  MOVWF  3E
0E19:  MOVLW  85
0E1A:  MOVWF  3D
0E1B:  BCF    0A.3
0E1C:  CALL   0AD
0E1D:  BSF    0A.3
0E1E:  MOVF   7A,W
0E1F:  MOVWF  38
0E20:  MOVF   79,W
0E21:  MOVWF  37
0E22:  MOVF   78,W
0E23:  MOVWF  36
0E24:  MOVF   77,W
0E25:  MOVWF  35
....................       // 10'a bolerek ilk rakami aldim 
....................       sonuc = temp / 10; 
0E26:  MOVF   38,W
0E27:  MOVWF  3C
0E28:  MOVF   37,W
0E29:  MOVWF  3B
0E2A:  MOVF   36,W
0E2B:  MOVWF  3A
0E2C:  MOVF   35,W
0E2D:  MOVWF  39
0E2E:  CLRF   40
0E2F:  CLRF   3F
0E30:  MOVLW  20
0E31:  MOVWF  3E
0E32:  MOVLW  82
0E33:  MOVWF  3D
0E34:  BCF    0A.3
0E35:  CALL   263
0E36:  BSF    0A.3
0E37:  MOVF   7A,W
0E38:  MOVWF  3C
0E39:  MOVF   79,W
0E3A:  MOVWF  3B
0E3B:  MOVF   78,W
0E3C:  MOVWF  3A
0E3D:  MOVF   77,W
0E3E:  MOVWF  39
0E3F:  BCF    0A.3
0E40:  CALL   36F
0E41:  BSF    0A.3
0E42:  MOVF   78,W
0E43:  MOVWF  33
....................       temp -= 10 * sonuc; 
0E44:  MOVLW  0A
0E45:  MOVWF  39
0E46:  MOVF   33,W
0E47:  MOVWF  3A
0E48:  BCF    0A.3
0E49:  CALL   32D
0E4A:  BSF    0A.3
0E4B:  MOVF   78,W
0E4C:  CLRF   3B
0E4D:  MOVWF  3A
0E4E:  BCF    0A.3
0E4F:  CALL   352
0E50:  BSF    0A.3
0E51:  BSF    03.1
0E52:  MOVF   38,W
0E53:  MOVWF  3C
0E54:  MOVF   37,W
0E55:  MOVWF  3B
0E56:  MOVF   36,W
0E57:  MOVWF  3A
0E58:  MOVF   35,W
0E59:  MOVWF  39
0E5A:  MOVF   7A,W
0E5B:  MOVWF  40
0E5C:  MOVF   79,W
0E5D:  MOVWF  3F
0E5E:  MOVF   78,W
0E5F:  MOVWF  3E
0E60:  MOVF   77,W
0E61:  MOVWF  3D
0E62:  BCF    0A.3
0E63:  CALL   122
0E64:  BSF    0A.3
0E65:  MOVF   7A,W
0E66:  MOVWF  38
0E67:  MOVF   79,W
0E68:  MOVWF  37
0E69:  MOVF   78,W
0E6A:  MOVWF  36
0E6B:  MOVF   77,W
0E6C:  MOVWF  35
....................       Komut_Gonder( sonuc + '0' ); 
0E6D:  MOVLW  30
0E6E:  ADDWF  33,W
0E6F:  MOVWF  39
0E70:  MOVWF  3A
0E71:  BCF    0A.3
0E72:  CALL   058
0E73:  BSF    0A.3
....................       // ikinci rakam da zaten 1'e bolumden  kalan oluyor 
....................       sonuc = temp / 1; 
0E74:  MOVF   38,W
0E75:  MOVWF  3C
0E76:  MOVF   37,W
0E77:  MOVWF  3B
0E78:  MOVF   36,W
0E79:  MOVWF  3A
0E7A:  MOVF   35,W
0E7B:  MOVWF  39
0E7C:  CLRF   40
0E7D:  CLRF   3F
0E7E:  CLRF   3E
0E7F:  MOVLW  7F
0E80:  MOVWF  3D
0E81:  BCF    0A.3
0E82:  CALL   263
0E83:  BSF    0A.3
0E84:  MOVF   7A,W
0E85:  MOVWF  3C
0E86:  MOVF   79,W
0E87:  MOVWF  3B
0E88:  MOVF   78,W
0E89:  MOVWF  3A
0E8A:  MOVF   77,W
0E8B:  MOVWF  39
0E8C:  BCF    0A.3
0E8D:  CALL   36F
0E8E:  BSF    0A.3
0E8F:  MOVF   78,W
0E90:  MOVWF  33
....................       Komut_Gonder( sonuc + '0' ); 
0E91:  MOVLW  30
0E92:  ADDWF  33,W
0E93:  MOVWF  39
0E94:  MOVWF  3A
0E95:  BCF    0A.3
0E96:  CALL   058
0E97:  BSF    0A.3
....................    } 
.................... } 
.................... // SPI haberlesmesi 
.................... void Komut_Gonder(char command) 
.................... {  
....................       // Kesme haberinin gonderilmesi 
....................       output_low( pin_e0 ); 
*
0058:  BSF    03.5
0059:  BCF    09.0
005A:  BCF    03.5
005B:  BCF    09.0
....................       // Komutun gonderilmesi 
....................       spi_write(command); 
005C:  MOVF   3A,W
005D:  MOVWF  13
005E:  BSF    03.5
005F:  RRF    14,W
0060:  BTFSS  03.0
0061:  GOTO   05F
....................       delay_us(10); 
0062:  MOVLW  10
0063:  MOVWF  77
0064:  DECFSZ 77,F
0065:  GOTO   064
0066:  NOP
....................       // Kesmenin bitirilmesi 
....................       output_high( pin_e0 ); 
0067:  BCF    09.0
0068:  BCF    03.5
0069:  BSF    09.0
....................       delay_ms( 10 ); 
006A:  MOVLW  0A
006B:  MOVWF  3B
006C:  CALL   044
006D:  RETURN
.................... } 
....................  
.................... #int_ext 
.................... void rb0_kesmesi() 
.................... { 
....................    // Calisiyorsa calismayacak, calismiyorsa calisacak  
....................    start = !start; 
*
002F:  MOVF   30,F
0030:  BTFSC  03.2
0031:  GOTO   034
0032:  MOVLW  00
0033:  GOTO   035
0034:  MOVLW  01
0035:  MOVWF  30
....................    // Output ve inputu 0ladim 
....................    out = 0; 
0036:  CLRF   2E
0037:  CLRF   2D
0038:  CLRF   2C
0039:  CLRF   2B
....................    inp = 0; 
003A:  CLRF   2A
003B:  CLRF   29
003C:  CLRF   28
003D:  CLRF   27
....................    // Baslangicta tekrardan 0 yazmasi icin 
....................    baslangic = 1; 
003E:  MOVLW  01
003F:  MOVWF  31
0040:  BCF    0B.1
0041:  BCF    0A.3
0042:  BCF    0A.4
0043:  GOTO   01B
.................... } 

Configuration Fuses:
   Word  1: 3F3A   HS NOWDT NOPUT NOBROWNOUT NOLVP NOCPD NOWRT NODEBUG NOPROTECT
