MPLINK 5.08, LINKER
Linker Map File - Created Thu Jan 28 18:01:05 2021

                                 Section Info
                  Section       Type    Address   Location Size(Bytes)
                ---------  ---------  ---------  ---------  ---------
                   .org_0       code   0x000000    program   0x000070
                   .cinit    romdata   0x000038    program   0x000004
.config_2007_BUILD/DEFAULT/PRODUCTION/7_SEGME       code   0x002007    program   0x000002



                              Program Memory Usage 
                               Start         End      
                           ---------   ---------      
                            0x000000    0x000039      
                            0x002007    0x002007      
            59 out of 8454 program addresses used, program memory utilization is 0%



                              Symbols - Sorted by Name
                     Name    Address   Location    Storage File                     
                ---------  ---------  ---------  --------- ---------                
               COUNT_LOOP   0x000013    program     static D:\PIC16F877A-TUTORIALS\7_Segment_Display(Assembly Language)\7_SEGMENT_DISPLAY.X\7_SEGMENT_DISPLAY.asm
                    DELAY   0x000029    program     static D:\PIC16F877A-TUTORIALS\7_Segment_Display(Assembly Language)\7_SEGMENT_DISPLAY.X\7_SEGMENT_DISPLAY.asm
            DISPLAY_TABLE   0x00001e    program     static D:\PIC16F877A-TUTORIALS\7_Segment_Display(Assembly Language)\7_SEGMENT_DISPLAY.X\7_SEGMENT_DISPLAY.asm
                INIT_DISP   0x000011    program     static D:\PIC16F877A-TUTORIALS\7_Segment_Display(Assembly Language)\7_SEGMENT_DISPLAY.X\7_SEGMENT_DISPLAY.asm
                MAIN_LOOP   0x00000c    program     static D:\PIC16F877A-TUTORIALS\7_Segment_Display(Assembly Language)\7_SEGMENT_DISPLAY.X\7_SEGMENT_DISPLAY.asm
             SET_COUNTERS   0x000031    program     static D:\PIC16F877A-TUTORIALS\7_Segment_Display(Assembly Language)\7_SEGMENT_DISPLAY.X\7_SEGMENT_DISPLAY.asm



                              Symbols - Sorted by Address
                     Name    Address   Location    Storage File                     
                ---------  ---------  ---------  --------- ---------                
                MAIN_LOOP   0x00000c    program     static D:\PIC16F877A-TUTORIALS\7_Segment_Display(Assembly Language)\7_SEGMENT_DISPLAY.X\7_SEGMENT_DISPLAY.asm
                INIT_DISP   0x000011    program     static D:\PIC16F877A-TUTORIALS\7_Segment_Display(Assembly Language)\7_SEGMENT_DISPLAY.X\7_SEGMENT_DISPLAY.asm
               COUNT_LOOP   0x000013    program     static D:\PIC16F877A-TUTORIALS\7_Segment_Display(Assembly Language)\7_SEGMENT_DISPLAY.X\7_SEGMENT_DISPLAY.asm
            DISPLAY_TABLE   0x00001e    program     static D:\PIC16F877A-TUTORIALS\7_Segment_Display(Assembly Language)\7_SEGMENT_DISPLAY.X\7_SEGMENT_DISPLAY.asm
                    DELAY   0x000029    program     static D:\PIC16F877A-TUTORIALS\7_Segment_Display(Assembly Language)\7_SEGMENT_DISPLAY.X\7_SEGMENT_DISPLAY.asm
             SET_COUNTERS   0x000031    program     static D:\PIC16F877A-TUTORIALS\7_Segment_Display(Assembly Language)\7_SEGMENT_DISPLAY.X\7_SEGMENT_DISPLAY.asm


