MPLINK 5.08, LINKER
Linker Map File - Created Sat Oct 24 12:17:36 2020

                                 Section Info
                  Section       Type    Address   Location Size(Bytes)
                ---------  ---------  ---------  ---------  ---------
                   .org_0       code   0x000000    program   0x000030
                   .cinit    romdata   0x000018    program   0x000004
.config_2007_BUILD/DEFAULT/DEBUG/DELAYED_BLIN       code   0x002007    program   0x000002



                              Program Memory Usage 
                               Start         End      
                           ---------   ---------      
                            0x000000    0x000019      
                            0x002007    0x002007      
            27 out of 8454 program addresses used, program memory utilization is 0%



                              Symbols - Sorted by Name
                     Name    Address   Location    Storage File                     
                ---------  ---------  ---------  --------- ---------                
                    DONGU   0x00000b    program     static C:\Users\enist\MPLABXProjects\LED_DELAYED_BLINK.X\DELAYED_BLINKING_LED.asm
                 delay_1s   0x000010    program     static C:\Users\enist\MPLABXProjects\LED_DELAYED_BLINK.X\DELAYED_BLINKING_LED.asm
                     loop   0x000013    program     static C:\Users\enist\MPLABXProjects\LED_DELAYED_BLINK.X\DELAYED_BLINKING_LED.asm
                   temp_1   0x000008    program     static C:\Users\enist\MPLABXProjects\LED_DELAYED_BLINK.X\DELAYED_BLINKING_LED.asm
                   temp_2   0x000009    program     static C:\Users\enist\MPLABXProjects\LED_DELAYED_BLINK.X\DELAYED_BLINKING_LED.asm
                   temp_3   0x00000a    program     static C:\Users\enist\MPLABXProjects\LED_DELAYED_BLINK.X\DELAYED_BLINKING_LED.asm



                              Symbols - Sorted by Address
                     Name    Address   Location    Storage File                     
                ---------  ---------  ---------  --------- ---------                
                   temp_1   0x000008    program     static C:\Users\enist\MPLABXProjects\LED_DELAYED_BLINK.X\DELAYED_BLINKING_LED.asm
                   temp_2   0x000009    program     static C:\Users\enist\MPLABXProjects\LED_DELAYED_BLINK.X\DELAYED_BLINKING_LED.asm
                   temp_3   0x00000a    program     static C:\Users\enist\MPLABXProjects\LED_DELAYED_BLINK.X\DELAYED_BLINKING_LED.asm
                    DONGU   0x00000b    program     static C:\Users\enist\MPLABXProjects\LED_DELAYED_BLINK.X\DELAYED_BLINKING_LED.asm
                 delay_1s   0x000010    program     static C:\Users\enist\MPLABXProjects\LED_DELAYED_BLINK.X\DELAYED_BLINKING_LED.asm
                     loop   0x000013    program     static C:\Users\enist\MPLABXProjects\LED_DELAYED_BLINK.X\DELAYED_BLINKING_LED.asm


